Component: ARM Compiler 5.06 update 7 (build 960) Tool: armlink [4d3601]

==============================================================================

Section Cross References

    startup_stm32g071xx.o(STACK) refers (Special) to heapauxi.o(.text) for __use_two_region_memory
    startup_stm32g071xx.o(HEAP) refers (Special) to heapauxi.o(.text) for __use_two_region_memory
    startup_stm32g071xx.o(RESET) refers (Special) to heapauxi.o(.text) for __use_two_region_memory
    startup_stm32g071xx.o(RESET) refers to startup_stm32g071xx.o(STACK) for __initial_sp
    startup_stm32g071xx.o(RESET) refers to startup_stm32g071xx.o(.text) for Reset_Handler
    startup_stm32g071xx.o(RESET) refers to stm32g0xx_it.o(i.NMI_Handler) for NMI_Handler
    startup_stm32g071xx.o(RESET) refers to stm32g0xx_it.o(i.HardFault_Handler) for HardFault_Handler
    startup_stm32g071xx.o(RESET) refers to stm32g0xx_it.o(i.SVC_Handler) for SVC_Handler
    startup_stm32g071xx.o(RESET) refers to stm32g0xx_it.o(i.PendSV_Handler) for PendSV_Handler
    startup_stm32g071xx.o(RESET) refers to stm32g0xx_it.o(i.SysTick_Handler) for SysTick_Handler
    startup_stm32g071xx.o(RESET) refers to stm32g0xx_it.o(i.DMA1_Channel1_IRQHandler) for DMA1_Channel1_IRQHandler
    startup_stm32g071xx.o(RESET) refers to stm32g0xx_it.o(i.DMA1_Ch4_7_DMAMUX1_OVR_IRQHandler) for DMA1_Ch4_7_DMAMUX1_OVR_IRQHandler
    startup_stm32g071xx.o(RESET) refers to stm32g0xx_it.o(i.SPI1_IRQHandler) for SPI1_IRQHandler
    startup_stm32g071xx.o(RESET) refers to stm32g0xx_it.o(i.USART2_IRQHandler) for USART2_IRQHandler
    startup_stm32g071xx.o(.text) refers (Special) to heapauxi.o(.text) for __use_two_region_memory
    startup_stm32g071xx.o(.text) refers to system_stm32g0xx.o(i.SystemInit) for SystemInit
    startup_stm32g071xx.o(.text) refers to __main.o(!!!main) for __main
    startup_stm32g071xx.o(.text) refers to startup_stm32g071xx.o(HEAP) for Heap_Mem
    startup_stm32g071xx.o(.text) refers to startup_stm32g071xx.o(STACK) for Stack_Mem
    main.o(i.HAL_I2S_RxCpltCallback) refers to main.o(.data) for dma_i2s_recive
    main.o(i.HAL_I2S_RxHalfCpltCallback) refers to main.o(.data) for dma_i2s_recive
    main.o(i.HAL_UART_TxCpltCallback) refers to usart.o(.bss) for huart2
    main.o(i.HAL_UART_TxCpltCallback) refers to main.o(.data) for dma_uart_transmit
    main.o(i.SystemClock_Config) refers to rt_memclr.o(.text) for __aeabi_memclr4
    main.o(i.SystemClock_Config) refers to stm32g0xx_hal_pwr_ex.o(i.HAL_PWREx_ControlVoltageScaling) for HAL_PWREx_ControlVoltageScaling
    main.o(i.SystemClock_Config) refers to stm32g0xx_hal_rcc.o(i.HAL_RCC_OscConfig) for HAL_RCC_OscConfig
    main.o(i.SystemClock_Config) refers to main.o(i.Error_Handler) for Error_Handler
    main.o(i.SystemClock_Config) refers to stm32g0xx_hal_rcc.o(i.HAL_RCC_ClockConfig) for HAL_RCC_ClockConfig
    main.o(i.main) refers to stm32g0xx_hal.o(i.HAL_Init) for HAL_Init
    main.o(i.main) refers to main.o(i.SystemClock_Config) for SystemClock_Config
    main.o(i.main) refers to gpio.o(i.MX_GPIO_Init) for MX_GPIO_Init
    main.o(i.main) refers to dma.o(i.MX_DMA_Init) for MX_DMA_Init
    main.o(i.main) refers to usart.o(i.MX_USART2_UART_Init) for MX_USART2_UART_Init
    main.o(i.main) refers to i2s.o(i.MX_I2S1_Init) for MX_I2S1_Init
    main.o(i.main) refers to main.o(i.microphone_start_stop) for microphone_start_stop
    main.o(i.main) refers to main.o(i.processing_ready_buffer) for processing_ready_buffer
    main.o(i.main) refers to main.o(.data) for dma_i2s_recive
    main.o(i.main) refers to main.o(.bss) for dma_mic_buffer
    main.o(i.microphone_start_stop) refers to stm32g0xx_hal_i2s.o(i.HAL_I2S_Receive_DMA) for HAL_I2S_Receive_DMA
    main.o(i.microphone_start_stop) refers to stm32g0xx_hal_i2s.o(i.HAL_I2S_DMAStop) for HAL_I2S_DMAStop
    main.o(i.microphone_start_stop) refers to main.o(.bss) for dma_mic_buffer
    main.o(i.microphone_start_stop) refers to i2s.o(.bss) for hi2s1
    main.o(i.microphone_start_stop) refers to main.o(.data) for _running
    main.o(i.processing_ready_buffer) refers to main.o(i.transmit_frame_to_uart) for transmit_frame_to_uart
    main.o(i.processing_ready_buffer) refers to main.o(.bss) for out_buffer
    main.o(i.transmit_frame_to_uart) refers to stm32g0xx_hal_uart.o(i.HAL_UART_Transmit_DMA) for HAL_UART_Transmit_DMA
    main.o(i.transmit_frame_to_uart) refers to main.o(.data) for dma_uart_transmit
    main.o(i.transmit_frame_to_uart) refers to usart.o(.bss) for huart2
    dma.o(i.MX_DMA_Init) refers to stm32g0xx_hal_cortex.o(i.HAL_NVIC_SetPriority) for HAL_NVIC_SetPriority
    dma.o(i.MX_DMA_Init) refers to stm32g0xx_hal_cortex.o(i.HAL_NVIC_EnableIRQ) for HAL_NVIC_EnableIRQ
    i2s.o(i.HAL_I2S_MspDeInit) refers to stm32g0xx_hal_gpio.o(i.HAL_GPIO_DeInit) for HAL_GPIO_DeInit
    i2s.o(i.HAL_I2S_MspDeInit) refers to stm32g0xx_hal_dma.o(i.HAL_DMA_DeInit) for HAL_DMA_DeInit
    i2s.o(i.HAL_I2S_MspDeInit) refers to stm32g0xx_hal_cortex.o(i.HAL_NVIC_DisableIRQ) for HAL_NVIC_DisableIRQ
[...]
    Removing stm32g0xx_hal_pwr.o(i.HAL_PWR_DisableBkUpAccess), (20 bytes).
    Removing stm32g0xx_hal_pwr.o(i.HAL_PWR_DisableSEVOnPend), (20 bytes).
    Removing stm32g0xx_hal_pwr.o(i.HAL_PWR_DisableSleepOnExit), (20 bytes).
    Removing stm32g0xx_hal_pwr.o(i.HAL_PWR_DisableWakeUpPin), (20 bytes).
    Removing stm32g0xx_hal_pwr.o(i.HAL_PWR_EnableBkUpAccess), (20 bytes).
    Removing stm32g0xx_hal_pwr.o(i.HAL_PWR_EnableSEVOnPend), (20 bytes).
    Removing stm32g0xx_hal_pwr.o(i.HAL_PWR_EnableSleepOnExit), (20 bytes).
    Removing stm32g0xx_hal_pwr.o(i.HAL_PWR_EnableWakeUpPin), (40 bytes).
    Removing stm32g0xx_hal_pwr.o(i.HAL_PWR_EnterSLEEPMode), (92 bytes).
    Removing stm32g0xx_hal_pwr.o(i.HAL_PWR_EnterSTANDBYMode), (44 bytes).
    Removing stm32g0xx_hal_pwr.o(i.HAL_PWR_EnterSTOPMode), (80 bytes).
    Removing stm32g0xx_hal_pwr.o(.constdata), (7 bytes).
    Removing stm32g0xx_hal_pwr_ex.o(.rev16_text), (4 bytes).
    Removing stm32g0xx_hal_pwr_ex.o(.revsh_text), (4 bytes).
    Removing stm32g0xx_hal_pwr_ex.o(i.HAL_PWREx_ConfigPVD), (192 bytes).
    Removing stm32g0xx_hal_pwr_ex.o(i.HAL_PWREx_DisableBatteryCharging), (20 bytes).
    Removing stm32g0xx_hal_pwr_ex.o(i.HAL_PWREx_DisableFlashPowerDown), (16 bytes).
    Removing stm32g0xx_hal_pwr_ex.o(i.HAL_PWREx_DisableGPIOPullDown), (104 bytes).
    Removing stm32g0xx_hal_pwr_ex.o(i.HAL_PWREx_DisableGPIOPullUp), (104 bytes).
    Removing stm32g0xx_hal_pwr_ex.o(i.HAL_PWREx_DisableInternalWakeUpLine), (20 bytes).
    Removing stm32g0xx_hal_pwr_ex.o(i.HAL_PWREx_DisableLowPowerRunMode), (80 bytes).
    Removing stm32g0xx_hal_pwr_ex.o(i.HAL_PWREx_DisablePORMonitorSampling), (20 bytes).
    Removing stm32g0xx_hal_pwr_ex.o(i.HAL_PWREx_DisablePVD), (20 bytes).
    Removing stm32g0xx_hal_pwr_ex.o(i.HAL_PWREx_DisablePullUpPullDownConfig), (20 bytes).
    Removing stm32g0xx_hal_pwr_ex.o(i.HAL_PWREx_DisableSRAMRetention), (20 bytes).
    Removing stm32g0xx_hal_pwr_ex.o(i.HAL_PWREx_EnableBatteryCharging), (32 bytes).
    Removing stm32g0xx_hal_pwr_ex.o(i.HAL_PWREx_EnableFlashPowerDown), (16 bytes).
    Removing stm32g0xx_hal_pwr_ex.o(i.HAL_PWREx_EnableGPIOPullDown), (152 bytes).
    Removing stm32g0xx_hal_pwr_ex.o(i.HAL_PWREx_EnableGPIOPullUp), (152 bytes).
    Removing stm32g0xx_hal_pwr_ex.o(i.HAL_PWREx_EnableInternalWakeUpLine), (20 bytes).
    Removing stm32g0xx_hal_pwr_ex.o(i.HAL_PWREx_EnableLowPowerRunMode), (20 bytes).
    Removing stm32g0xx_hal_pwr_ex.o(i.HAL_PWREx_EnablePORMonitorSampling), (20 bytes).
    Removing stm32g0xx_hal_pwr_ex.o(i.HAL_PWREx_EnablePVD), (20 bytes).
    Removing stm32g0xx_hal_pwr_ex.o(i.HAL_PWREx_EnablePullUpPullDownConfig), (20 bytes).
    Removing stm32g0xx_hal_pwr_ex.o(i.HAL_PWREx_EnableSRAMRetention), (20 bytes).
    Removing stm32g0xx_hal_pwr_ex.o(i.HAL_PWREx_EnterSHUTDOWNMode), (44 bytes).
    Removing stm32g0xx_hal_pwr_ex.o(i.HAL_PWREx_GetVoltageRange), (16 bytes).
    Removing stm32g0xx_hal_pwr_ex.o(i.HAL_PWREx_PVD_Falling_Callback), (2 bytes).
    Removing stm32g0xx_hal_pwr_ex.o(i.HAL_PWREx_PVD_IRQHandler), (56 bytes).
    Removing stm32g0xx_hal_pwr_ex.o(i.HAL_PWREx_PVD_Rising_Callback), (2 bytes).
    Removing stm32g0xx_hal_pwr_ex.o(.constdata), (7 bytes).
    Removing stm32g0xx_hal_cortex.o(.rev16_text), (4 bytes).
    Removing stm32g0xx_hal_cortex.o(.revsh_text), (4 bytes).
    Removing stm32g0xx_hal_cortex.o(i.HAL_MPU_ConfigRegion), (88 bytes).
    Removing stm32g0xx_hal_cortex.o(i.HAL_MPU_Disable), (28 bytes).
    Removing stm32g0xx_hal_cortex.o(i.HAL_MPU_Enable), (48 bytes).
    Removing stm32g0xx_hal_cortex.o(i.HAL_NVIC_ClearPendingIRQ), (28 bytes).
    Removing stm32g0xx_hal_cortex.o(i.HAL_NVIC_DisableIRQ), (60 bytes).
    Removing stm32g0xx_hal_cortex.o(i.HAL_NVIC_GetPendingIRQ), (48 bytes).
    Removing stm32g0xx_hal_cortex.o(i.HAL_NVIC_GetPriority), (72 bytes).
    Removing stm32g0xx_hal_cortex.o(i.HAL_NVIC_SetPendingIRQ), (28 bytes).
    Removing stm32g0xx_hal_cortex.o(i.HAL_NVIC_SystemReset), (56 bytes).
    Removing stm32g0xx_hal_cortex.o(i.HAL_SYSTICK_CLKSourceConfig), (36 bytes).
    Removing stm32g0xx_hal_cortex.o(i.HAL_SYSTICK_Callback), (2 bytes).
    Removing stm32g0xx_hal_cortex.o(i.HAL_SYSTICK_IRQHandler), (8 bytes).
    Removing stm32g0xx_hal_cortex.o(.constdata), (7 bytes).
    Removing stm32g0xx_hal.o(.rev16_text), (4 bytes).
    Removing stm32g0xx_hal.o(.revsh_text), (4 bytes).
    Removing stm32g0xx_hal.o(i.HAL_DBGMCU_DisableDBGStandbyMode), (20 bytes).
    Removing stm32g0xx_hal.o(i.HAL_DBGMCU_DisableDBGStopMode), (20 bytes).
    Removing stm32g0xx_hal.o(i.HAL_DBGMCU_EnableDBGStandbyMode), (20 bytes).
    Removing stm32g0xx_hal.o(i.HAL_DBGMCU_EnableDBGStopMode), (20 bytes).
    Removing stm32g0xx_hal.o(i.HAL_DeInit), (52 bytes).
    Removing stm32g0xx_hal.o(i.HAL_Delay), (44 bytes).
    Removing stm32g0xx_hal.o(i.HAL_GetDEVID), (16 bytes).
    Removing stm32g0xx_hal.o(i.HAL_GetHalVersion), (6 bytes).
    Removing stm32g0xx_hal.o(i.HAL_GetREVID), (12 bytes).
    Removing stm32g0xx_hal.o(i.HAL_GetTickFreq), (12 bytes).
    Removing stm32g0xx_hal.o(i.HAL_GetTickPrio), (12 bytes).
    Removing stm32g0xx_hal.o(i.HAL_GetUIDw0), (12 bytes).
    Removing stm32g0xx_hal.o(i.HAL_GetUIDw1), (12 bytes).
    Removing stm32g0xx_hal.o(i.HAL_GetUIDw2), (12 bytes).
    Removing stm32g0xx_hal.o(i.HAL_MspDeInit), (2 bytes).
    Removing stm32g0xx_hal.o(i.HAL_MspInit), (2 bytes).
    Removing stm32g0xx_hal.o(i.HAL_ResumeTick), (20 bytes).
    Removing stm32g0xx_hal.o(i.HAL_SYSCFG_DisableIOAnalogSwitchBooster), (20 bytes).
    Removing stm32g0xx_hal.o(i.HAL_SYSCFG_DisableRemap), (16 bytes).
    Removing stm32g0xx_hal.o(i.HAL_SYSCFG_DisableVREFBUF), (20 bytes).
    Removing stm32g0xx_hal.o(i.HAL_SYSCFG_EnableIOAnalogSwitchBooster), (20 bytes).
    Removing stm32g0xx_hal.o(i.HAL_SYSCFG_EnableRemap), (16 bytes).
    Removing stm32g0xx_hal.o(i.HAL_SYSCFG_EnableVREFBUF), (56 bytes).
    Removing stm32g0xx_hal.o(i.HAL_SYSCFG_StrobeDBattpinsConfig), (24 bytes).
    Removing stm32g0xx_hal.o(i.HAL_SYSCFG_VREFBUF_HighImpedanceConfig), (20 bytes).
    Removing stm32g0xx_hal.o(i.HAL_SYSCFG_VREFBUF_TrimmingConfig), (20 bytes).
    Removing stm32g0xx_hal.o(i.HAL_SYSCFG_VREFBUF_VoltageScalingConfig), (20 bytes).
    Removing stm32g0xx_hal.o(i.HAL_SetTickFreq), (52 bytes).
    Removing stm32g0xx_hal.o(i.HAL_SuspendTick), (20 bytes).
    Removing stm32g0xx_hal.o(.constdata), (7 bytes).
    Removing stm32g0xx_hal_exti.o(.rev16_text), (4 bytes).
    Removing stm32g0xx_hal_exti.o(.revsh_text), (4 bytes).
    Removing stm32g0xx_hal_exti.o(i.HAL_EXTI_ClearConfigLine), (160 bytes).
    Removing stm32g0xx_hal_exti.o(i.HAL_EXTI_ClearPending), (56 bytes).
    Removing stm32g0xx_hal_exti.o(i.HAL_EXTI_GenerateSWI), (40 bytes).
    Removing stm32g0xx_hal_exti.o(i.HAL_EXTI_GetConfigLine), (224 bytes).
    Removing stm32g0xx_hal_exti.o(i.HAL_EXTI_GetHandle), (16 bytes).
    Removing stm32g0xx_hal_exti.o(i.HAL_EXTI_GetPending), (64 bytes).
    Removing stm32g0xx_hal_exti.o(i.HAL_EXTI_IRQHandler), (96 bytes).
    Removing stm32g0xx_hal_exti.o(i.HAL_EXTI_RegisterCallback), (42 bytes).
    Removing stm32g0xx_hal_exti.o(i.HAL_EXTI_SetConfigLine), (260 bytes).
    Removing stm32g0xx_hal_exti.o(.constdata), (7 bytes).
    Removing stm32g0xx_hal_tim.o(.rev16_text), (4 bytes).
    Removing stm32g0xx_hal_tim.o(.revsh_text), (4 bytes).
    Removing stm32g0xx_hal_tim.o(.constdata), (7 bytes).
    Removing stm32g0xx_hal_tim_ex.o(.rev16_text), (4 bytes).
    Removing stm32g0xx_hal_tim_ex.o(.revsh_text), (4 bytes).
    Removing stm32g0xx_hal_tim_ex.o(.constdata), (7 bytes).
    Removing stm32g0xx_hal_uart.o(.rev16_text), (4 bytes).
    Removing stm32g0xx_hal_uart.o(.revsh_text), (4 bytes).
    Removing stm32g0xx_hal_uart.o(i.HAL_HalfDuplex_EnableReceiver), (74 bytes).
    Removing stm32g0xx_hal_uart.o(i.HAL_HalfDuplex_EnableTransmitter), (74 bytes).
    Removing stm32g0xx_hal_uart.o(i.HAL_HalfDuplex_Init), (132 bytes).
    Removing stm32g0xx_hal_uart.o(i.HAL_LIN_Init), (174 bytes).
    Removing stm32g0xx_hal_uart.o(i.HAL_LIN_SendBreak), (62 bytes).
    Removing stm32g0xx_hal_uart.o(i.HAL_MultiProcessor_DisableMuteMode), (60 bytes).
    Removing stm32g0xx_hal_uart.o(i.HAL_MultiProcessor_EnableMuteMode), (60 bytes).
    Removing stm32g0xx_hal_uart.o(i.HAL_MultiProcessor_EnterMuteMode), (14 bytes).
    Removing stm32g0xx_hal_uart.o(i.HAL_MultiProcessor_Init), (164 bytes).
    Removing stm32g0xx_hal_uart.o(i.HAL_UART_Abort), (256 bytes).
    Removing stm32g0xx_hal_uart.o(i.HAL_UART_AbortCpltCallback), (2 bytes).
    Removing stm32g0xx_hal_uart.o(i.HAL_UART_AbortReceive), (156 bytes).
    Removing stm32g0xx_hal_uart.o(i.HAL_UART_AbortReceiveCpltCallback), (2 bytes).
    Removing stm32g0xx_hal_uart.o(i.HAL_UART_AbortReceive_IT), (192 bytes).
    Removing stm32g0xx_hal_uart.o(i.HAL_UART_AbortTransmit), (132 bytes).
    Removing stm32g0xx_hal_uart.o(i.HAL_UART_AbortTransmitCpltCallback), (2 bytes).
    Removing stm32g0xx_hal_uart.o(i.HAL_UART_AbortTransmit_IT), (160 bytes).
    Removing stm32g0xx_hal_uart.o(i.HAL_UART_Abort_IT), (312 bytes).
    Removing stm32g0xx_hal_uart.o(i.HAL_UART_DMAPause), (126 bytes).
    Removing stm32g0xx_hal_uart.o(i.HAL_UART_DMAResume), (110 bytes).
    Removing stm32g0xx_hal_uart.o(i.HAL_UART_DMAStop), (152 bytes).
    Removing stm32g0xx_hal_uart.o(i.HAL_UART_DeInit), (80 bytes).
    Removing stm32g0xx_hal_uart.o(i.HAL_UART_DisableReceiverTimeout), (92 bytes).
    Removing stm32g0xx_hal_uart.o(i.HAL_UART_EnableReceiverTimeout), (92 bytes).
    Removing stm32g0xx_hal_uart.o(i.HAL_UART_GetError), (8 bytes).
    Removing stm32g0xx_hal_uart.o(i.HAL_UART_GetState), (16 bytes).
    Removing stm32g0xx_hal_uart.o(i.HAL_UART_MspDeInit), (2 bytes).
    Removing stm32g0xx_hal_uart.o(i.HAL_UART_MspInit), (2 bytes).
    Removing stm32g0xx_hal_uart.o(i.HAL_UART_Receive), (364 bytes).
    Removing stm32g0xx_hal_uart.o(i.HAL_UART_Receive_DMA), (98 bytes).
    Removing stm32g0xx_hal_uart.o(i.HAL_UART_Receive_IT), (98 bytes).
    Removing stm32g0xx_hal_uart.o(i.HAL_UART_ReceiverTimeout_Config), (28 bytes).
    Removing stm32g0xx_hal_uart.o(i.HAL_UART_RxCpltCallback), (2 bytes).
    Removing stm32g0xx_hal_uart.o(i.HAL_UART_RxHalfCpltCallback), (2 bytes).
    Removing stm32g0xx_hal_uart.o(i.HAL_UART_Transmit), (264 bytes).
    Removing stm32g0xx_hal_uart.o(i.HAL_UART_Transmit_IT), (232 bytes).
    Removing stm32g0xx_hal_uart.o(i.HAL_UART_TxCpltCallback), (2 bytes).
    Removing stm32g0xx_hal_uart.o(i.UART_DMAReceiveCplt), (112 bytes).
    Removing stm32g0xx_hal_uart.o(i.UART_DMARxAbortCallback), (84 bytes).
    Removing stm32g0xx_hal_uart.o(i.UART_DMARxHalfCplt), (34 bytes).
    Removing stm32g0xx_hal_uart.o(i.UART_DMARxOnlyAbortCallback), (48 bytes).
    Removing stm32g0xx_hal_uart.o(i.UART_DMATxAbortCallback), (94 bytes).
    Removing stm32g0xx_hal_uart.o(i.UART_DMATxOnlyAbortCallback), (48 bytes).
    Removing stm32g0xx_hal_uart.o(i.UART_RxISR_16BIT), (146 bytes).
    Removing stm32g0xx_hal_uart.o(i.UART_RxISR_16BIT_FIFOEN), (400 bytes).
    Removing stm32g0xx_hal_uart.o(i.UART_RxISR_8BIT), (146 bytes).
    Removing stm32g0xx_hal_uart.o(i.UART_RxISR_8BIT_FIFOEN), (396 bytes).
    Removing stm32g0xx_hal_uart.o(i.UART_Start_Receive_DMA), (168 bytes).
    Removing stm32g0xx_hal_uart.o(i.UART_Start_Receive_IT), (300 bytes).
    Removing stm32g0xx_hal_uart.o(i.UART_TxISR_16BIT), (74 bytes).
    Removing stm32g0xx_hal_uart.o(i.UART_TxISR_16BIT_FIFOEN), (106 bytes).
    Removing stm32g0xx_hal_uart.o(i.UART_TxISR_8BIT), (70 bytes).
    Removing stm32g0xx_hal_uart.o(i.UART_TxISR_8BIT_FIFOEN), (100 bytes).
    Removing stm32g0xx_hal_uart_ex.o(.rev16_text), (4 bytes).
    Removing stm32g0xx_hal_uart_ex.o(.revsh_text), (4 bytes).
    Removing stm32g0xx_hal_uart_ex.o(i.HAL_MultiProcessorEx_AddressLength_Set), (66 bytes).
    Removing stm32g0xx_hal_uart_ex.o(i.HAL_RS485Ex_Init), (160 bytes).
    Removing stm32g0xx_hal_uart_ex.o(i.HAL_UARTEx_DisableStopMode), (50 bytes).
    Removing stm32g0xx_hal_uart_ex.o(i.HAL_UARTEx_EnableFifoMode), (86 bytes).
    Removing stm32g0xx_hal_uart_ex.o(i.HAL_UARTEx_EnableStopMode), (50 bytes).
    Removing stm32g0xx_hal_uart_ex.o(i.HAL_UARTEx_ReceiveToIdle), (448 bytes).
    Removing stm32g0xx_hal_uart_ex.o(i.HAL_UARTEx_ReceiveToIdle_DMA), (134 bytes).
    Removing stm32g0xx_hal_uart_ex.o(i.HAL_UARTEx_ReceiveToIdle_IT), (134 bytes).
    Removing stm32g0xx_hal_uart_ex.o(i.HAL_UARTEx_StopModeWakeUpSourceConfig), (152 bytes).
    Removing stm32g0xx_hal_uart_ex.o(i.UARTEx_Wakeup_AddressConfig), (42 bytes).
    Removing stm32g0xx_hal_uart_ex.o(.constdata), (7 bytes).
    Removing system_stm32g0xx.o(.rev16_text), (4 bytes).
    Removing system_stm32g0xx.o(.revsh_text), (4 bytes).
    Removing system_stm32g0xx.o(i.SystemCoreClockUpdate), (236 bytes).
    Removing stm32g0xx_hal_dma.o(i.__ARM_common_switch8), (28 bytes).

316 unused section(s) (total 18655 bytes) removed from the image.

==============================================================================

Image Symbol Table

    Local Symbols

    Symbol Name                              Value     Ov Type        Size  Object(Section)

    ../Core/Src/dma.c                        0x00000000   Number         0  dma.o ABSOLUTE
    ../Core/Src/gpio.c                       0x00000000   Number         0  gpio.o ABSOLUTE
    ../Core/Src/i2s.c                        0x00000000   Number         0  i2s.o ABSOLUTE
    ../Core/Src/main.c                       0x00000000   Number         0  main.o ABSOLUTE
    ../Core/Src/stm32g0xx_hal_msp.c          0x00000000   Number         0  stm32g0xx_hal_msp.o ABSOLUTE
    ../Core/Src/stm32g0xx_it.c               0x00000000   Number         0  stm32g0xx_it.o ABSOLUTE
    ../Core/Src/system_stm32g0xx.c           0x00000000   Number         0  system_stm32g0xx.o ABSOLUTE
    ../Core/Src/usart.c                      0x00000000   Number         0  usart.o ABSOLUTE
    ../Drivers/STM32G0xx_HAL_Driver/Src/stm32g0xx_hal.c 0x00000000   Number         0  stm32g0xx_hal.o ABSOLUTE
    ../Drivers/STM32G0xx_HAL_Driver/Src/stm32g0xx_hal_cortex.c 0x00000000   Number         0  stm32g0xx_hal_cortex.o ABSOLUTE
    ../Drivers/STM32G0xx_HAL_Driver/Src/stm32g0xx_hal_dma.c 0x00000000   Number         0  stm32g0xx_hal_dma.o ABSOLUTE
    ../Drivers/STM32G0xx_HAL_Driver/Src/stm32g0xx_hal_dma_ex.c 0x00000000   Number         0  stm32g0xx_hal_dma_ex.o ABSOLUTE
    ../Drivers/STM32G0xx_HAL_Driver/Src/stm32g0xx_hal_exti.c 0x00000000   Number         0  stm32g0xx_hal_exti.o ABSOLUTE
    ../Drivers/STM32G0xx_HAL_Driver/Src/stm32g0xx_hal_flash.c 0x00000000   Number         0  stm32g0xx_hal_flash.o ABSOLUTE
    ../Drivers/STM32G0xx_HAL_Driver/Src/stm32g0xx_hal_flash_ex.c 0x00000000   Number         0  stm32g0xx_hal_flash_ex.o ABSOLUTE
    ../Drivers/STM32G0xx_HAL_Driver/Src/stm32g0xx_hal_gpio.c 0x00000000   Number         0  stm32g0xx_hal_gpio.o ABSOLUTE
    ../Drivers/STM32G0xx_HAL_Driver/Src/stm32g0xx_hal_i2s.c 0x00000000   Number         0  stm32g0xx_hal_i2s.o ABSOLUTE
    ../Drivers/STM32G0xx_HAL_Driver/Src/stm32g0xx_hal_pwr.c 0x00000000   Number         0  stm32g0xx_hal_pwr.o ABSOLUTE
    ../Drivers/STM32G0xx_HAL_Driver/Src/stm32g0xx_hal_pwr_ex.c 0x00000000   Number         0  stm32g0xx_hal_pwr_ex.o ABSOLUTE
    ../Drivers/STM32G0xx_HAL_Driver/Src/stm32g0xx_hal_rcc.c 0x00000000   Number         0  stm32g0xx_hal_rcc.o ABSOLUTE
    ../Drivers/STM32G0xx_HAL_Driver/Src/stm32g0xx_hal_rcc_ex.c 0x00000000   Number         0  stm32g0xx_hal_rcc_ex.o ABSOLUTE
    ../Drivers/STM32G0xx_HAL_Driver/Src/stm32g0xx_hal_tim.c 0x00000000   Number         0  stm32g0xx_hal_tim.o ABSOLUTE
    ../Drivers/STM32G0xx_HAL_Driver/Src/stm32g0xx_hal_tim_ex.c 0x00000000   Number         0  stm32g0xx_hal_tim_ex.o ABSOLUTE
    ../Drivers/STM32G0xx_HAL_Driver/Src/stm32g0xx_hal_uart.c 0x00000000   Number         0  stm32g0xx_hal_uart.o ABSOLUTE
    ../Drivers/STM32G0xx_HAL_Driver/Src/stm32g0xx_hal_uart_ex.c 0x00000000   Number         0  stm32g0xx_hal_uart_ex.o ABSOLUTE
    ../Drivers/STM32G0xx_HAL_Driver/Src/stm32g0xx_ll_dma.c 0x00000000   Number         0  stm32g0xx_ll_dma.o ABSOLUTE
    ../Drivers/STM32G0xx_HAL_Driver/Src/stm32g0xx_ll_rcc.c 0x00000000   Number         0  stm32g0xx_ll_rcc.o ABSOLUTE
    ../clib/angel/boardlib.s                 0x00000000   Number         0  boardinit2.o ABSOLUTE
    ../clib/angel/boardlib.s                 0x00000000   Number         0  boardinit3.o ABSOLUTE
    ../clib/angel/boardlib.s                 0x00000000   Number         0  boardshut.o ABSOLUTE
    ../clib/angel/boardlib.s                 0x00000000   Number         0  boardinit1.o ABSOLUTE
    ../clib/angel/handlers.s                 0x00000000   Number         0  __scatter_copy.o ABSOLUTE
    ../clib/angel/handlers.s                 0x00000000   Number         0  __scatter_zi.o ABSOLUTE
    ../clib/angel/kernel.s                   0x00000000   Number         0  __rtentry4.o ABSOLUTE
    ../clib/angel/kernel.s                   0x00000000   Number         0  __rtentry2.o ABSOLUTE
    ../clib/angel/kernel.s                   0x00000000   Number         0  __rtentry.o ABSOLUTE
    ../clib/angel/kernel.s                   0x00000000   Number         0  rtexit.o ABSOLUTE
    ../clib/angel/kernel.s                   0x00000000   Number         0  rtexit2.o ABSOLUTE
    ../clib/angel/rt.s                       0x00000000   Number         0  aeabi_ldiv0_sigfpe.o ABSOLUTE
    ../clib/angel/rt.s                       0x00000000   Number         0  rt_div0.o ABSOLUTE
    ../clib/angel/rt.s                       0x00000000   Number         0  aeabi_ldiv0.o ABSOLUTE
    ../clib/angel/rt.s                       0x00000000   Number         0  aeabi_idiv0_sigfpe.o ABSOLUTE
    ../clib/angel/rt.s                       0x00000000   Number         0  aeabi_idiv0.o ABSOLUTE
    ../clib/angel/rt.s                       0x00000000   Number         0  rt_raise.o ABSOLUTE
    ../clib/angel/scatterp.s                 0x00000000   Number         0  __scatter.o ABSOLUTE
    ../clib/angel/startup.s                  0x00000000   Number         0  __main.o ABSOLUTE
    ../clib/angel/sys.s                      0x00000000   Number         0  libspace.o ABSOLUTE
    ../clib/angel/sys.s                      0x00000000   Number         0  use_no_semi.o ABSOLUTE
    ../clib/angel/sys.s                      0x00000000   Number         0  indicate_semi.o ABSOLUTE
    ../clib/angel/sys.s                      0x00000000   Number         0  sys_stackheap_outer.o ABSOLUTE
    ../clib/angel/sys.s                      0x00000000   Number         0  tempstk.o ABSOLUTE
    ../clib/angel/sysapp.c                   0x00000000   Number         0  sys_wrch.o ABSOLUTE
    ../clib/angel/sysapp.c                   0x00000000   Number         0  sys_command.o ABSOLUTE
    ../clib/angel/sysapp.c                   0x00000000   Number         0  sys_exit.o ABSOLUTE
    ../clib/armsys.c                         0x00000000   Number         0  no_argv.o ABSOLUTE
    ../clib/armsys.c                         0x00000000   Number         0  _get_argv_nomalloc.o ABSOLUTE
    ../clib/armsys.c                         0x00000000   Number         0  argv_veneer.o ABSOLUTE
    ../clib/division.c                       0x00000000   Number         0  lludiv.o ABSOLUTE
    ../clib/division.s                       0x00000000   Number         0  aeabi_sdiv.o ABSOLUTE
    ../clib/division.s                       0x00000000   Number         0  aeabi_sdiv_div0.o ABSOLUTE
    ../clib/heapalloc.c                      0x00000000   Number         0  hrguard.o ABSOLUTE
    ../clib/heapaux.c                        0x00000000   Number         0  heapauxi.o ABSOLUTE
    ../clib/libinit.s                        0x00000000   Number         0  libshutdown2.o ABSOLUTE
    ../clib/libinit.s                        0x00000000   Number         0  libinit.o ABSOLUTE
    ../clib/libinit.s                        0x00000000   Number         0  libshutdown.o ABSOLUTE
    ../clib/libinit.s                        0x00000000   Number         0  libinit2.o ABSOLUTE
    ../clib/longlong.c                       0x00000000   Number         0  llmul.o ABSOLUTE
    ../clib/memcpset.c                       0x00000000   Number         0  rt_memclr.o ABSOLUTE
    ../clib/signal.c                         0x00000000   Number         0  defsig_stak_inner.o ABSOLUTE
    ../clib/signal.c                         0x00000000   Number         0  defsig_rtmem_formal.o ABSOLUTE
    ../clib/signal.c                         0x00000000   Number         0  defsig_rtmem_outer.o ABSOLUTE
    ../clib/signal.c                         0x00000000   Number         0  defsig_general.o ABSOLUTE
    ../clib/signal.c                         0x00000000   Number         0  defsig_rtred_inner.o ABSOLUTE
    ../clib/signal.c                         0x00000000   Number         0  defsig_abrt_inner.o ABSOLUTE
    ../clib/signal.c                         0x00000000   Number         0  defsig_rtmem_inner.o ABSOLUTE
    ../clib/signal.c                         0x00000000   Number         0  defsig_fpe_outer.o ABSOLUTE
    ../clib/signal.c                         0x00000000   Number         0  defsig_fpe_formal.o ABSOLUTE
    ../clib/signal.c                         0x00000000   Number         0  __raise.o ABSOLUTE
    ../clib/signal.c                         0x00000000   Number         0  defsig_other.o ABSOLUTE
    ../clib/signal.c                         0x00000000   Number         0  defsig_segv_inner.o ABSOLUTE
    ../clib/signal.c                         0x00000000   Number         0  defsig_cppl_inner.o ABSOLUTE
    ../clib/signal.c                         0x00000000   Number         0  defsig_fpe_inner.o ABSOLUTE
    ../clib/signal.c                         0x00000000   Number         0  defsig_exit.o ABSOLUTE
    ../clib/signal.c                         0x00000000   Number         0  defsig_pvfn_inner.o ABSOLUTE
    ../clib/signal.s                         0x00000000   Number         0  defsig.o ABSOLUTE
    ../clib/stdlib.c                         0x00000000   Number         0  exit.o ABSOLUTE
    ../fplib/cfplib/fpinit.c                 0x00000000   Number         0  fpinit.o ABSOLUTE
    ..\Core\Src\dma.c                        0x00000000   Number         0  dma.o ABSOLUTE
    ..\Core\Src\gpio.c                       0x00000000   Number         0  gpio.o ABSOLUTE
    ..\Core\Src\i2s.c                        0x00000000   Number         0  i2s.o ABSOLUTE
    ..\Core\Src\main.c                       0x00000000   Number         0  main.o ABSOLUTE
    ..\Core\Src\stm32g0xx_hal_msp.c          0x00000000   Number         0  stm32g0xx_hal_msp.o ABSOLUTE
    ..\Core\Src\stm32g0xx_it.c               0x00000000   Number         0  stm32g0xx_it.o ABSOLUTE
    ..\Core\Src\system_stm32g0xx.c           0x00000000   Number         0  system_stm32g0xx.o ABSOLUTE
    ..\Core\Src\usart.c                      0x00000000   Number         0  usart.o ABSOLUTE
    ..\Drivers\STM32G0xx_HAL_Driver\Src\stm32g0xx_hal.c 0x00000000   Number         0  stm32g0xx_hal.o ABSOLUTE
    ..\Drivers\STM32G0xx_HAL_Driver\Src\stm32g0xx_hal_cortex.c 0x00000000   Number         0  stm32g0xx_hal_cortex.o ABSOLUTE
    ..\Drivers\STM32G0xx_HAL_Driver\Src\stm32g0xx_hal_dma.c 0x00000000   Number         0  stm32g0xx_hal_dma.o ABSOLUTE
    ..\Drivers\STM32G0xx_HAL_Driver\Src\stm32g0xx_hal_dma_ex.c 0x00000000   Number         0  stm32g0xx_hal_dma_ex.o ABSOLUTE
    ..\Drivers\STM32G0xx_HAL_Driver\Src\stm32g0xx_hal_exti.c 0x00000000   Number         0  stm32g0xx_hal_exti.o ABSOLUTE
    ..\Drivers\STM32G0xx_HAL_Driver\Src\stm32g0xx_hal_flash.c 0x00000000   Number         0  stm32g0xx_hal_flash.o ABSOLUTE
    ..\Drivers\STM32G0xx_HAL_Driver\Src\stm32g0xx_hal_flash_ex.c 0x00000000   Number         0  stm32g0xx_hal_flash_ex.o ABSOLUTE
    ..\Drivers\STM32G0xx_HAL_Driver\Src\stm32g0xx_hal_gpio.c 0x00000000   Number         0  stm32g0xx_hal_gpio.o ABSOLUTE
    ..\Drivers\STM32G0xx_HAL_Driver\Src\stm32g0xx_hal_i2s.c 0x00000000   Number         0  stm32g0xx_hal_i2s.o ABSOLUTE
    ..\Drivers\STM32G0xx_HAL_Driver\Src\stm32g0xx_hal_pwr.c 0x00000000   Number         0  stm32g0xx_hal_pwr.o ABSOLUTE
    ..\Drivers\STM32G0xx_HAL_Driver\Src\stm32g0xx_hal_pwr_ex.c 0x00000000   Number         0  stm32g0xx_hal_pwr_ex.o ABSOLUTE
    ..\Drivers\STM32G0xx_HAL_Driver\Src\stm32g0xx_hal_rcc.c 0x00000000   Number         0  stm32g0xx_hal_rcc.o ABSOLUTE
    ..\Drivers\STM32G0xx_HAL_Driver\Src\stm32g0xx_hal_rcc_ex.c 0x00000000   Number         0  stm32g0xx_hal_rcc_ex.o ABSOLUTE
    ..\Drivers\STM32G0xx_HAL_Driver\Src\stm32g0xx_hal_tim.c 0x00000000   Number         0  stm32g0xx_hal_tim.o ABSOLUTE
    ..\Drivers\STM32G0xx_HAL_Driver\Src\stm32g0xx_hal_tim_ex.c 0x00000000   Number         0  stm32g0xx_hal_tim_ex.o ABSOLUTE
    ..\Drivers\STM32G0xx_HAL_Driver\Src\stm32g0xx_hal_uart.c 0x00000000   Number         0  stm32g0xx_hal_uart.o ABSOLUTE
    ..\Drivers\STM32G0xx_HAL_Driver\Src\stm32g0xx_hal_uart_ex.c 0x00000000   Number         0  stm32g0xx_hal_uart_ex.o ABSOLUTE
    dc.s                                     0x00000000   Number         0  dc.o ABSOLUTE
    startup_stm32g071xx.s                    0x00000000   Number         0  startup_stm32g071xx.o ABSOLUTE
    RESET                                    0x08000000   Section      188  startup_stm32g071xx.o(RESET)
    !!!main                                  0x080000bc   Section        8  __main.o(!!!main)
    !!!scatter                               0x080000c4   Section       60  __scatter.o(!!!scatter)
    !!handler_copy                           0x08000100   Section       26  __scatter_copy.o(!!handler_copy)
    !!handler_zi                             0x0800011c   Section       28  __scatter_zi.o(!!handler_zi)
    .ARM.Collect$$libinit$$00000000          0x08000138   Section        2  libinit.o(.ARM.Collect$$libinit$$00000000)
    .ARM.Collect$$libinit$$00000002          0x0800013a   Section        0  libinit2.o(.ARM.Collect$$libinit$$00000002)
    .ARM.Collect$$libinit$$00000004          0x0800013a   Section        0  libinit2.o(.ARM.Collect$$libinit$$00000004)
    .ARM.Collect$$libinit$$0000000A          0x0800013a   Section        0  libinit2.o(.ARM.Collect$$libinit$$0000000A)
    .ARM.Collect$$libinit$$0000000C          0x0800013a   Section        0  libinit2.o(.ARM.Collect$$libinit$$0000000C)
    .ARM.Collect$$libinit$$0000000E          0x0800013a   Section        0  libinit2.o(.ARM.Collect$$libinit$$0000000E)
    .ARM.Collect$$libinit$$00000011          0x0800013a   Section        0  libinit2.o(.ARM.Collect$$libinit$$00000011)
    .ARM.Collect$$libinit$$00000013          0x0800013a   Section        0  libinit2.o(.ARM.Collect$$libinit$$00000013)
    .ARM.Collect$$libinit$$00000015          0x0800013a   Section        0  libinit2.o(.ARM.Collect$$libinit$$00000015)
    .ARM.Collect$$libinit$$00000017          0x0800013a   Section        0  libinit2.o(.ARM.Collect$$libinit$$00000017)
    .ARM.Collect$$libinit$$00000019          0x0800013a   Section        0  libinit2.o(.ARM.Collect$$libinit$$00000019)
    .ARM.Collect$$libinit$$0000001B          0x0800013a   Section        0  libinit2.o(.ARM.Collect$$libinit$$0000001B)
    .ARM.Collect$$libinit$$0000001D          0x0800013a   Section        0  libinit2.o(.ARM.Collect$$libinit$$0000001D)
    .ARM.Collect$$libinit$$0000001F          0x0800013a   Section        0  libinit2.o(.ARM.Collect$$libinit$$0000001F)
    .ARM.Collect$$libinit$$00000021          0x0800013a   Section        0  libinit2.o(.ARM.Collect$$libinit$$00000021)
    .ARM.Collect$$libinit$$00000023          0x0800013a   Section        0  libinit2.o(.ARM.Collect$$libinit$$00000023)
    .ARM.Collect$$libinit$$00000025          0x0800013a   Section        0  libinit2.o(.ARM.Collect$$libinit$$00000025)
    .ARM.Collect$$libinit$$0000002C          0x0800013a   Section        0  libinit2.o(.ARM.Collect$$libinit$$0000002C)
    .ARM.Collect$$libinit$$0000002E          0x0800013a   Section        0  libinit2.o(.ARM.Collect$$libinit$$0000002E)
    .ARM.Collect$$libinit$$00000030          0x0800013a   Section        0  libinit2.o(.ARM.Collect$$libinit$$00000030)
    .ARM.Collect$$libinit$$00000032          0x0800013a   Section        0  libinit2.o(.ARM.Collect$$libinit$$00000032)
    .ARM.Collect$$libinit$$00000033          0x0800013a   Section        2  libinit2.o(.ARM.Collect$$libinit$$00000033)
    .ARM.Collect$$libshutdown$$00000000      0x0800013c   Section        2  libshutdown.o(.ARM.Collect$$libshutdown$$00000000)
    .ARM.Collect$$libshutdown$$00000002      0x0800013e   Section        0  libshutdown2.o(.ARM.Collect$$libshutdown$$00000002)
    .ARM.Collect$$libshutdown$$00000004      0x0800013e   Section        0  libshutdown2.o(.ARM.Collect$$libshutdown$$00000004)
    .ARM.Collect$$libshutdown$$00000006      0x0800013e   Section        0  libshutdown2.o(.ARM.Collect$$libshutdown$$00000006)
    .ARM.Collect$$libshutdown$$00000009      0x0800013e   Section        0  libshutdown2.o(.ARM.Collect$$libshutdown$$00000009)
    .ARM.Collect$$libshutdown$$0000000C      0x0800013e   Section        0  libshutdown2.o(.ARM.Collect$$libshutdown$$0000000C)
    .ARM.Collect$$libshutdown$$0000000E      0x0800013e   Section        0  libshutdown2.o(.ARM.Collect$$libshutdown$$0000000E)
    .ARM.Collect$$libshutdown$$00000011      0x0800013e   Section        0  libshutdown2.o(.ARM.Collect$$libshutdown$$00000011)
    .ARM.Collect$$libshutdown$$00000012      0x0800013e   Section        2  libshutdown2.o(.ARM.Collect$$libshutdown$$00000012)
    .ARM.Collect$$rtentry$$00000000          0x08000140   Section        0  __rtentry.o(.ARM.Collect$$rtentry$$00000000)
    .ARM.Collect$$rtentry$$00000002          0x08000140   Section        0  __rtentry2.o(.ARM.Collect$$rtentry$$00000002)
    .ARM.Collect$$rtentry$$00000004          0x08000140   Section        6  __rtentry4.o(.ARM.Collect$$rtentry$$00000004)
    .ARM.Collect$$rtentry$$00000009          0x08000146   Section        0  __rtentry2.o(.ARM.Collect$$rtentry$$00000009)
    .ARM.Collect$$rtentry$$0000000A          0x08000146   Section        4  __rtentry2.o(.ARM.Collect$$rtentry$$0000000A)
    .ARM.Collect$$rtentry$$0000000C          0x0800014a   Section        0  __rtentry2.o(.ARM.Collect$$rtentry$$0000000C)
    .ARM.Collect$$rtentry$$0000000D          0x0800014a   Section        8  __rtentry2.o(.ARM.Collect$$rtentry$$0000000D)
    .ARM.Collect$$rtexit$$00000000           0x08000152   Section        2  rtexit.o(.ARM.Collect$$rtexit$$00000000)
    .ARM.Collect$$rtexit$$00000002           0x08000154   Section        0  rtexit2.o(.ARM.Collect$$rtexit$$00000002)
    .ARM.Collect$$rtexit$$00000003           0x08000154   Section        4  rtexit2.o(.ARM.Collect$$rtexit$$00000003)
    .ARM.Collect$$rtexit$$00000004           0x08000158   Section        6  rtexit2.o(.ARM.Collect$$rtexit$$00000004)
    .text                                    0x08000160   Section       56  startup_stm32g071xx.o(.text)
    .text                                    0x08000198   Section        0  llmul.o(.text)
    .text                                    0x080001c8   Section        0  lludiv.o(.text)
    .text                                    0x080002ca   Section        0  rt_memclr.o(.text)
    .text                                    0x0800030a   Section      346  aeabi_sdiv.o(.text)
    .text                                    0x08000464   Section        0  heapauxi.o(.text)
    .text                                    0x0800046a   Section       62  sys_stackheap_outer.o(.text)
    .text                                    0x080004a8   Section        0  exit.o(.text)
    .text                                    0x080004b8   Section        8  libspace.o(.text)
    .text                                    0x080004c0   Section        0  sys_exit.o(.text)
    .text                                    0x080004cc   Section        2  use_no_semi.o(.text)
    .text                                    0x080004ce   Section        0  indicate_semi.o(.text)
    i.DMA1_Ch4_7_DMAMUX1_OVR_IRQHandler      0x080004d0   Section        0  stm32g0xx_it.o(i.DMA1_Ch4_7_DMAMUX1_OVR_IRQHandler)
    i.DMA1_Channel1_IRQHandler               0x080004e0   Section        0  stm32g0xx_it.o(i.DMA1_Channel1_IRQHandler)
    i.DMA_CalcDMAMUXChannelBaseAndMask       0x080004f0   Section        0  stm32g0xx_hal_dma.o(i.DMA_CalcDMAMUXChannelBaseAndMask)
    DMA_CalcDMAMUXChannelBaseAndMask         0x080004f1   Thumb Code    48  stm32g0xx_hal_dma.o(i.DMA_CalcDMAMUXChannelBaseAndMask)
    i.DMA_CalcDMAMUXRequestGenBaseAndMask    0x08000524   Section        0  stm32g0xx_hal_dma.o(i.DMA_CalcDMAMUXRequestGenBaseAndMask)
    DMA_CalcDMAMUXRequestGenBaseAndMask      0x08000525   Thumb Code    36  stm32g0xx_hal_dma.o(i.DMA_CalcDMAMUXRequestGenBaseAndMask)
    i.DMA_SetConfig                          0x0800054c   Section        0  stm32g0xx_hal_dma.o(i.DMA_SetConfig)
    DMA_SetConfig                            0x0800054d   Thumb Code    70  stm32g0xx_hal_dma.o(i.DMA_SetConfig)
    i.Error_Handler                          0x08000598   Section        0  main.o(i.Error_Handler)
    i.HAL_DMA_Abort                          0x080005a0   Section        0  stm32g0xx_hal_dma.o(i.HAL_DMA_Abort)
    i.HAL_DMA_Abort_IT                       0x08000638   Section        0  stm32g0xx_hal_dma.o(i.HAL_DMA_Abort_IT)
    i.HAL_DMA_IRQHandler                     0x080006cc   Section        0  stm32g0xx_hal_dma.o(i.HAL_DMA_IRQHandler)
    i.HAL_DMA_Init                           0x080007ec   Section        0  stm32g0xx_hal_dma.o(i.HAL_DMA_Init)
    i.HAL_DMA_Start_IT                       0x080008ac   Section        0  stm32g0xx_hal_dma.o(i.HAL_DMA_Start_IT)
    i.HAL_GPIO_Init                          0x08000978   Section        0  stm32g0xx_hal_gpio.o(i.HAL_GPIO_Init)
    i.HAL_GetTick                            0x08000b48   Section        0  stm32g0xx_hal.o(i.HAL_GetTick)
    i.HAL_I2S_DMAStop                        0x08000b54   Section        0  stm32g0xx_hal_i2s.o(i.HAL_I2S_DMAStop)
    i.HAL_I2S_ErrorCallback                  0x08000c74   Section        0  stm32g0xx_hal_i2s.o(i.HAL_I2S_ErrorCallback)
    i.HAL_I2S_IRQHandler                     0x08000c76   Section        0  stm32g0xx_hal_i2s.o(i.HAL_I2S_IRQHandler)
    i.HAL_I2S_Init                           0x08000d20   Section        0  stm32g0xx_hal_i2s.o(i.HAL_I2S_Init)
    i.HAL_I2S_MspInit                        0x08000e64   Section        0  i2s.o(i.HAL_I2S_MspInit)
    i.HAL_I2S_Receive_DMA                    0x08000f88   Section        0  stm32g0xx_hal_i2s.o(i.HAL_I2S_Receive_DMA)
    i.HAL_I2S_RxCpltCallback                 0x080010a8   Section        0  main.o(i.HAL_I2S_RxCpltCallback)
    i.HAL_I2S_RxHalfCpltCallback             0x080010b4   Section        0  main.o(i.HAL_I2S_RxHalfCpltCallback)
    i.HAL_I2S_TxCpltCallback                 0x080010c0   Section        0  stm32g0xx_hal_i2s.o(i.HAL_I2S_TxCpltCallback)
    i.HAL_IncTick                            0x080010c4   Section        0  stm32g0xx_hal.o(i.HAL_IncTick)
    i.HAL_Init                               0x080010dc   Section        0  stm32g0xx_hal.o(i.HAL_Init)
    i.HAL_InitTick                           0x08001108   Section        0  stm32g0xx_hal.o(i.HAL_InitTick)
    i.HAL_MspInit                            0x08001168   Section        0  stm32g0xx_hal_msp.o(i.HAL_MspInit)
    i.HAL_NVIC_EnableIRQ                     0x080011ac   Section        0  stm32g0xx_hal_cortex.o(i.HAL_NVIC_EnableIRQ)
    i.HAL_NVIC_SetPriority                   0x080011d0   Section        0  stm32g0xx_hal_cortex.o(i.HAL_NVIC_SetPriority)
    i.HAL_PWREx_ControlVoltageScaling        0x080011e4   Section        0  stm32g0xx_hal_pwr_ex.o(i.HAL_PWREx_ControlVoltageScaling)
    i.HAL_RCCEx_GetPeriphCLKFreq             0x0800123c   Section        0  stm32g0xx_hal_rcc_ex.o(i.HAL_RCCEx_GetPeriphCLKFreq)
    i.HAL_RCCEx_PeriphCLKConfig              0x08001730   Section        0  stm32g0xx_hal_rcc_ex.o(i.HAL_RCCEx_PeriphCLKConfig)
    i.HAL_RCC_ClockConfig                    0x08001a24   Section        0  stm32g0xx_hal_rcc.o(i.HAL_RCC_ClockConfig)
    i.HAL_RCC_GetHCLKFreq                    0x08001bf8   Section        0  stm32g0xx_hal_rcc.o(i.HAL_RCC_GetHCLKFreq)
    i.HAL_RCC_GetPCLK1Freq                   0x08001c04   Section        0  stm32g0xx_hal_rcc.o(i.HAL_RCC_GetPCLK1Freq)
    i.HAL_RCC_GetSysClockFreq                0x08001c2c   Section        0  stm32g0xx_hal_rcc.o(i.HAL_RCC_GetSysClockFreq)
    i.HAL_RCC_OscConfig                      0x08001d10   Section        0  stm32g0xx_hal_rcc.o(i.HAL_RCC_OscConfig)
    i.HAL_SYSTICK_Config                     0x080022d4   Section        0  stm32g0xx_hal_cortex.o(i.HAL_SYSTICK_Config)
    i.HAL_UARTEx_DisableFifoMode             0x0800230c   Section        0  stm32g0xx_hal_uart_ex.o(i.HAL_UARTEx_DisableFifoMode)
    i.HAL_UARTEx_RxEventCallback             0x08002360   Section        0  stm32g0xx_hal_uart.o(i.HAL_UARTEx_RxEventCallback)
    i.HAL_UARTEx_RxFifoFullCallback          0x08002362   Section        0  stm32g0xx_hal_uart_ex.o(i.HAL_UARTEx_RxFifoFullCallback)
    i.HAL_UARTEx_SetRxFifoThreshold          0x08002364   Section        0  stm32g0xx_hal_uart_ex.o(i.HAL_UARTEx_SetRxFifoThreshold)
    i.HAL_UARTEx_SetTxFifoThreshold          0x080023c4   Section        0  stm32g0xx_hal_uart_ex.o(i.HAL_UARTEx_SetTxFifoThreshold)
    i.HAL_UARTEx_TxFifoEmptyCallback         0x08002422   Section        0  stm32g0xx_hal_uart_ex.o(i.HAL_UARTEx_TxFifoEmptyCallback)
    i.HAL_UARTEx_WakeupCallback              0x08002424   Section        0  stm32g0xx_hal_uart_ex.o(i.HAL_UARTEx_WakeupCallback)
    i.HAL_UART_ErrorCallback                 0x08002426   Section        0  stm32g0xx_hal_uart.o(i.HAL_UART_ErrorCallback)
    i.HAL_UART_IRQHandler                    0x08002428   Section        0  stm32g0xx_hal_uart.o(i.HAL_UART_IRQHandler)
    i.HAL_UART_Init                          0x08002798   Section        0  stm32g0xx_hal_uart.o(i.HAL_UART_Init)
    i.HAL_UART_MspInit                       0x0800281c   Section        0  usart.o(i.HAL_UART_MspInit)
    i.HAL_UART_Transmit_DMA                  0x08002904   Section        0  stm32g0xx_hal_uart.o(i.HAL_UART_Transmit_DMA)
    i.HAL_UART_TxCpltCallback                0x080029e4   Section        0  main.o(i.HAL_UART_TxCpltCallback)
    i.HAL_UART_TxHalfCpltCallback            0x080029fc   Section        0  stm32g0xx_hal_uart.o(i.HAL_UART_TxHalfCpltCallback)
    i.HardFault_Handler                      0x080029fe   Section        0  stm32g0xx_it.o(i.HardFault_Handler)
    i.I2S_DMAError                           0x08002a02   Section        0  stm32g0xx_hal_i2s.o(i.I2S_DMAError)
    I2S_DMAError                             0x08002a03   Thumb Code    46  stm32g0xx_hal_i2s.o(i.I2S_DMAError)
    i.I2S_DMARxCplt                          0x08002a30   Section        0  stm32g0xx_hal_i2s.o(i.I2S_DMARxCplt)
    I2S_DMARxCplt                            0x08002a31   Thumb Code    42  stm32g0xx_hal_i2s.o(i.I2S_DMARxCplt)
    i.I2S_DMARxHalfCplt                      0x08002a5a   Section        0  stm32g0xx_hal_i2s.o(i.I2S_DMARxHalfCplt)
    I2S_DMARxHalfCplt                        0x08002a5b   Thumb Code    14  stm32g0xx_hal_i2s.o(i.I2S_DMARxHalfCplt)
    i.I2S_Receive_IT                         0x08002a68   Section        0  stm32g0xx_hal_i2s.o(i.I2S_Receive_IT)
    I2S_Receive_IT                           0x08002a69   Thumb Code    56  stm32g0xx_hal_i2s.o(i.I2S_Receive_IT)
    i.I2S_Transmit_IT                        0x08002aa0   Section        0  stm32g0xx_hal_i2s.o(i.I2S_Transmit_IT)
    I2S_Transmit_IT                          0x08002aa1   Thumb Code    56  stm32g0xx_hal_i2s.o(i.I2S_Transmit_IT)
    i.I2S_WaitFlagStateUntilTimeout          0x08002ad8   Section        0  stm32g0xx_hal_i2s.o(i.I2S_WaitFlagStateUntilTimeout)
    I2S_WaitFlagStateUntilTimeout            0x08002ad9   Thumb Code    84  stm32g0xx_hal_i2s.o(i.I2S_WaitFlagStateUntilTimeout)
    i.MX_DMA_Init                            0x08002b2c   Section        0  dma.o(i.MX_DMA_Init)
    i.MX_GPIO_Init                           0x08002b70   Section        0  gpio.o(i.MX_GPIO_Init)
    i.MX_I2S1_Init                           0x08002bb0   Section        0  i2s.o(i.MX_I2S1_Init)
    i.MX_USART2_UART_Init                    0x08002be8   Section        0  usart.o(i.MX_USART2_UART_Init)
    i.NMI_Handler                            0x08002c5c   Section        0  stm32g0xx_it.o(i.NMI_Handler)
    i.PendSV_Handler                         0x08002c60   Section        0  stm32g0xx_it.o(i.PendSV_Handler)
    i.SPI1_IRQHandler                        0x08002c64   Section        0  stm32g0xx_it.o(i.SPI1_IRQHandler)
    i.SVC_Handler                            0x08002c74   Section        0  stm32g0xx_it.o(i.SVC_Handler)
    i.SysTick_Handler                        0x08002c76   Section        0  stm32g0xx_it.o(i.SysTick_Handler)
    i.SystemClock_Config                     0x08002c7e   Section        0  main.o(i.SystemClock_Config)
    i.SystemInit                             0x08002cf8   Section        0  system_stm32g0xx.o(i.SystemInit)
    i.UARTEx_SetNbDataToProcess              0x08002cfc   Section        0  stm32g0xx_hal_uart_ex.o(i.UARTEx_SetNbDataToProcess)
    UARTEx_SetNbDataToProcess                0x08002cfd   Thumb Code   114  stm32g0xx_hal_uart_ex.o(i.UARTEx_SetNbDataToProcess)
    i.UART_AdvFeatureConfig                  0x08002d80   Section        0  stm32g0xx_hal_uart.o(i.UART_AdvFeatureConfig)
    i.UART_CheckIdleState                    0x08002e70   Section        0  stm32g0xx_hal_uart.o(i.UART_CheckIdleState)
    i.UART_DMAAbortOnError                   0x08002ee8   Section        0  stm32g0xx_hal_uart.o(i.UART_DMAAbortOnError)
    UART_DMAAbortOnError                     0x08002ee9   Thumb Code    24  stm32g0xx_hal_uart.o(i.UART_DMAAbortOnError)
    i.UART_DMAError                          0x08002f00   Section        0  stm32g0xx_hal_uart.o(i.UART_DMAError)
    UART_DMAError                            0x08002f01   Thumb Code    90  stm32g0xx_hal_uart.o(i.UART_DMAError)
    i.UART_DMATransmitCplt                   0x08002f5a   Section        0  stm32g0xx_hal_uart.o(i.UART_DMATransmitCplt)
    UART_DMATransmitCplt                     0x08002f5b   Thumb Code    58  stm32g0xx_hal_uart.o(i.UART_DMATransmitCplt)
    i.UART_DMATxHalfCplt                     0x08002f94   Section        0  stm32g0xx_hal_uart.o(i.UART_DMATxHalfCplt)
    UART_DMATxHalfCplt                       0x08002f95   Thumb Code    14  stm32g0xx_hal_uart.o(i.UART_DMATxHalfCplt)
    i.UART_EndRxTransfer                     0x08002fa4   Section        0  stm32g0xx_hal_uart.o(i.UART_EndRxTransfer)
    UART_EndRxTransfer                       0x08002fa5   Thumb Code    58  stm32g0xx_hal_uart.o(i.UART_EndRxTransfer)
    i.UART_EndTransmit_IT                    0x08002fe4   Section        0  stm32g0xx_hal_uart.o(i.UART_EndTransmit_IT)
    UART_EndTransmit_IT                      0x08002fe5   Thumb Code    34  stm32g0xx_hal_uart.o(i.UART_EndTransmit_IT)
    i.UART_EndTxTransfer                     0x08003006   Section        0  stm32g0xx_hal_uart.o(i.UART_EndTxTransfer)
    UART_EndTxTransfer                       0x08003007   Thumb Code    34  stm32g0xx_hal_uart.o(i.UART_EndTxTransfer)
    i.UART_SetConfig                         0x08003028   Section        0  stm32g0xx_hal_uart.o(i.UART_SetConfig)
    i.UART_WaitOnFlagUntilTimeout            0x08003388   Section        0  stm32g0xx_hal_uart.o(i.UART_WaitOnFlagUntilTimeout)
    i.USART2_IRQHandler                      0x08003450   Section        0  stm32g0xx_it.o(i.USART2_IRQHandler)
    i.__NVIC_SetPriority                     0x08003460   Section        0  stm32g0xx_hal_cortex.o(i.__NVIC_SetPriority)
    __NVIC_SetPriority                       0x08003461   Thumb Code   110  stm32g0xx_hal_cortex.o(i.__NVIC_SetPriority)
    i.main                                   0x080034d8   Section        0  main.o(i.main)
    i.microphone_start_stop                  0x08003534   Section        0  main.o(i.microphone_start_stop)
    i.processing_ready_buffer                0x08003574   Section        0  main.o(i.processing_ready_buffer)
    i.transmit_frame_to_uart                 0x080035ac   Section        0  main.o(i.transmit_frame_to_uart)
    .constdata                               0x080035d8   Section       32  stm32g0xx_hal_uart.o(.constdata)
    CHANNEL_OFFSET_TAB                       0x080035d8   Data           7  stm32g0xx_hal_uart.o(.constdata)
    .constdata                               0x080035f8   Section      104  system_stm32g0xx.o(.constdata)
    CHANNEL_OFFSET_TAB                       0x080035f8   Data           7  system_stm32g0xx.o(.constdata)
    .data                                    0x20000000   Section       12  main.o(.data)
    dma_i2s_recive                           0x20000000   Data           4  main.o(.data)
    dma_uart_transmit                        0x20000004   Data           4  main.o(.data)
    .data                                    0x2000000c   Section        9  stm32g0xx_hal.o(.data)
    .data                                    0x20000018   Section        4  system_stm32g0xx.o(.data)
    .bss                                     0x2000001c   Section      160  main.o(.bss)
    out_buffer                               0x2000009c   Data          32  main.o(.bss)
    .bss                                     0x200000bc   Section      152  i2s.o(.bss)
    .bss                                     0x20000154   Section      236  usart.o(.bss)
    .bss                                     0x20000240   Section       96  libspace.o(.bss)
    HEAP                                     0x200002a0   Section      512  startup_stm32g071xx.o(HEAP)
    Heap_Mem                                 0x200002a0   Data         512  startup_stm32g071xx.o(HEAP)
    STACK                                    0x200004a0   Section     1024  startup_stm32g071xx.o(STACK)
    Stack_Mem                                0x200004a0   Data        1024  startup_stm32g071xx.o(STACK)
    __initial_sp                             0x200008a0   Data           0  startup_stm32g071xx.o(STACK)

    Global Symbols

    Symbol Name                              Value     Ov Type        Size  Object(Section)

    BuildAttributes$$THM_ISAv3M$S$PE$A:L22$X:L11$S22$IEEE1$IW$USESV6$~STKCKD$USESV7$~SHL$OSPACE$ROPI$EBA8$UX$STANDARDLIB$REQ8$PRES8$EABIv2 0x00000000   Number         0  anon$$obj.o ABSOLUTE
    __ARM_use_no_argv                        0x00000000   Number         0  main.o ABSOLUTE
    __ARM_exceptions_init                     - Undefined Weak Reference
    __alloca_initialize                       - Undefined Weak Reference
    __arm_fini_                               - Undefined Weak Reference
    __arm_preinit_                            - Undefined Weak Reference
    __cpp_initialize__aeabi_                  - Undefined Weak Reference
    __cxa_finalize                            - Undefined Weak Reference
    __rt_locale                               - Undefined Weak Reference
    __sigvec_lookup                           - Undefined Weak Reference
    _atexit_init                              - Undefined Weak Reference
    _call_atexit_fns                          - Undefined Weak Reference
    _clock_init                               - Undefined Weak Reference
    _fp_trap_init                             - Undefined Weak Reference
    _fp_trap_shutdown                         - Undefined Weak Reference
    _get_lc_collate                           - Undefined Weak Reference
    _get_lc_ctype                             - Undefined Weak Reference
    _get_lc_monetary                          - Undefined Weak Reference
    _get_lc_numeric                           - Undefined Weak Reference
    _get_lc_time                              - Undefined Weak Reference
    _getenv_init                              - Undefined Weak Reference
    _handle_redirection                       - Undefined Weak Reference
    _init_alloc                               - Undefined Weak Reference
    _init_user_alloc                          - Undefined Weak Reference
    _initio                                   - Undefined Weak Reference
    _rand_init                                - Undefined Weak Reference
    _signal_finish                            - Undefined Weak Reference
    _signal_init                              - Undefined Weak Reference
    _terminate_alloc                          - Undefined Weak Reference
    _terminate_user_alloc                     - Undefined Weak Reference
    _terminateio                              - Undefined Weak Reference
    __Vectors_Size                           0x000000bc   Number         0  startup_stm32g071xx.o ABSOLUTE
    __Vectors                                0x08000000   Data           4  startup_stm32g071xx.o(RESET)
    __Vectors_End                            0x080000bc   Data           0  startup_stm32g071xx.o(RESET)
    __main                                   0x080000bd   Thumb Code     8  __main.o(!!!main)
    __scatterload                            0x080000c5   Thumb Code     0  __scatter.o(!!!scatter)
    __scatterload_rt2                        0x080000c5   Thumb Code    52  __scatter.o(!!!scatter)
    __scatterload_rt2_thumb_only             0x080000c5   Thumb Code     0  __scatter.o(!!!scatter)
    __scatterload_null                       0x080000d5   Thumb Code     0  __scatter.o(!!!scatter)
    __scatterload_copy                       0x08000101   Thumb Code    26  __scatter_copy.o(!!handler_copy)
    __scatterload_zeroinit                   0x0800011d   Thumb Code    28  __scatter_zi.o(!!handler_zi)
    __rt_lib_init                            0x08000139   Thumb Code     0  libinit.o(.ARM.Collect$$libinit$$00000000)
    __rt_lib_init_alloca_1                   0x0800013b   Thumb Code     0  libinit2.o(.ARM.Collect$$libinit$$0000002E)
    __rt_lib_init_argv_1                     0x0800013b   Thumb Code     0  libinit2.o(.ARM.Collect$$libinit$$0000002C)
    __rt_lib_init_atexit_1                   0x0800013b   Thumb Code     0  libinit2.o(.ARM.Collect$$libinit$$0000001B)
    __rt_lib_init_clock_1                    0x0800013b   Thumb Code     0  libinit2.o(.ARM.Collect$$libinit$$00000021)
    __rt_lib_init_cpp_1                      0x0800013b   Thumb Code     0  libinit2.o(.ARM.Collect$$libinit$$00000032)
    __rt_lib_init_exceptions_1               0x0800013b   Thumb Code     0  libinit2.o(.ARM.Collect$$libinit$$00000030)
    __rt_lib_init_fp_1                       0x0800013b   Thumb Code     0  libinit2.o(.ARM.Collect$$libinit$$00000002)
    __rt_lib_init_fp_trap_1                  0x0800013b   Thumb Code     0  libinit2.o(.ARM.Collect$$libinit$$0000001F)
    __rt_lib_init_getenv_1                   0x0800013b   Thumb Code     0  libinit2.o(.ARM.Collect$$libinit$$00000023)
    __rt_lib_init_heap_1                     0x0800013b   Thumb Code     0  libinit2.o(.ARM.Collect$$libinit$$0000000A)
    __rt_lib_init_lc_collate_1               0x0800013b   Thumb Code     0  libinit2.o(.ARM.Collect$$libinit$$00000011)
    __rt_lib_init_lc_ctype_1                 0x0800013b   Thumb Code     0  libinit2.o(.ARM.Collect$$libinit$$00000013)
    __rt_lib_init_lc_monetary_1              0x0800013b   Thumb Code     0  libinit2.o(.ARM.Collect$$libinit$$00000015)
    __rt_lib_init_lc_numeric_1               0x0800013b   Thumb Code     0  libinit2.o(.ARM.Collect$$libinit$$00000017)
    __rt_lib_init_lc_time_1                  0x0800013b   Thumb Code     0  libinit2.o(.ARM.Collect$$libinit$$00000019)
    __rt_lib_init_preinit_1                  0x0800013b   Thumb Code     0  libinit2.o(.ARM.Collect$$libinit$$00000004)
    __rt_lib_init_rand_1                     0x0800013b   Thumb Code     0  libinit2.o(.ARM.Collect$$libinit$$0000000E)
    __rt_lib_init_return                     0x0800013b   Thumb Code     0  libinit2.o(.ARM.Collect$$libinit$$00000033)
    __rt_lib_init_signal_1                   0x0800013b   Thumb Code     0  libinit2.o(.ARM.Collect$$libinit$$0000001D)
    __rt_lib_init_stdio_1                    0x0800013b   Thumb Code     0  libinit2.o(.ARM.Collect$$libinit$$00000025)
    __rt_lib_init_user_alloc_1               0x0800013b   Thumb Code     0  libinit2.o(.ARM.Collect$$libinit$$0000000C)
    __rt_lib_shutdown                        0x0800013d   Thumb Code     0  libshutdown.o(.ARM.Collect$$libshutdown$$00000000)
    __rt_lib_shutdown_cpp_1                  0x0800013f   Thumb Code     0  libshutdown2.o(.ARM.Collect$$libshutdown$$00000004)
    __rt_lib_shutdown_fini_1                 0x0800013f   Thumb Code     0  libshutdown2.o(.ARM.Collect$$libshutdown$$00000002)
    __rt_lib_shutdown_fp_trap_1              0x0800013f   Thumb Code     0  libshutdown2.o(.ARM.Collect$$libshutdown$$00000009)
    __rt_lib_shutdown_heap_1                 0x0800013f   Thumb Code     0  libshutdown2.o(.ARM.Collect$$libshutdown$$00000011)
    __rt_lib_shutdown_return                 0x0800013f   Thumb Code     0  libshutdown2.o(.ARM.Collect$$libshutdown$$00000012)
    __rt_lib_shutdown_signal_1               0x0800013f   Thumb Code     0  libshutdown2.o(.ARM.Collect$$libshutdown$$0000000C)
    __rt_lib_shutdown_stdio_1                0x0800013f   Thumb Code     0  libshutdown2.o(.ARM.Collect$$libshutdown$$00000006)
    __rt_lib_shutdown_user_alloc_1           0x0800013f   Thumb Code     0  libshutdown2.o(.ARM.Collect$$libshutdown$$0000000E)
    __rt_entry                               0x08000141   Thumb Code     0  __rtentry.o(.ARM.Collect$$rtentry$$00000000)
    __rt_entry_presh_1                       0x08000141   Thumb Code     0  __rtentry2.o(.ARM.Collect$$rtentry$$00000002)
    __rt_entry_sh                            0x08000141   Thumb Code     0  __rtentry4.o(.ARM.Collect$$rtentry$$00000004)
    __rt_entry_li                            0x08000147   Thumb Code     0  __rtentry2.o(.ARM.Collect$$rtentry$$0000000A)
    __rt_entry_postsh_1                      0x08000147   Thumb Code     0  __rtentry2.o(.ARM.Collect$$rtentry$$00000009)
    __rt_entry_main                          0x0800014b   Thumb Code     0  __rtentry2.o(.ARM.Collect$$rtentry$$0000000D)
    __rt_entry_postli_1                      0x0800014b   Thumb Code     0  __rtentry2.o(.ARM.Collect$$rtentry$$0000000C)
    __rt_exit                                0x08000153   Thumb Code     0  rtexit.o(.ARM.Collect$$rtexit$$00000000)
    __rt_exit_ls                             0x08000155   Thumb Code     0  rtexit2.o(.ARM.Collect$$rtexit$$00000003)
    __rt_exit_prels_1                        0x08000155   Thumb Code     0  rtexit2.o(.ARM.Collect$$rtexit$$00000002)
    __rt_exit_exit                           0x08000159   Thumb Code     0  rtexit2.o(.ARM.Collect$$rtexit$$00000004)
    Reset_Handler                            0x08000161   Thumb Code     8  startup_stm32g071xx.o(.text)
    ADC1_COMP_IRQHandler                     0x08000173   Thumb Code     0  startup_stm32g071xx.o(.text)
    CEC_IRQHandler                           0x08000173   Thumb Code     0  startup_stm32g071xx.o(.text)
    DMA1_Channel2_3_IRQHandler               0x08000173   Thumb Code     0  startup_stm32g071xx.o(.text)
    EXTI0_1_IRQHandler                       0x08000173   Thumb Code     0  startup_stm32g071xx.o(.text)
    EXTI2_3_IRQHandler                       0x08000173   Thumb Code     0  startup_stm32g071xx.o(.text)
    EXTI4_15_IRQHandler                      0x08000173   Thumb Code     0  startup_stm32g071xx.o(.text)
    FLASH_IRQHandler                         0x08000173   Thumb Code     0  startup_stm32g071xx.o(.text)
    I2C1_IRQHandler                          0x08000173   Thumb Code     0  startup_stm32g071xx.o(.text)
    I2C2_IRQHandler                          0x08000173   Thumb Code     0  startup_stm32g071xx.o(.text)
    PVD_IRQHandler                           0x08000173   Thumb Code     0  startup_stm32g071xx.o(.text)
    RCC_IRQHandler                           0x08000173   Thumb Code     0  startup_stm32g071xx.o(.text)
    RTC_TAMP_IRQHandler                      0x08000173   Thumb Code     0  startup_stm32g071xx.o(.text)
    SPI2_IRQHandler                          0x08000173   Thumb Code     0  startup_stm32g071xx.o(.text)
    TIM14_IRQHandler                         0x08000173   Thumb Code     0  startup_stm32g071xx.o(.text)
    TIM15_IRQHandler                         0x08000173   Thumb Code     0  startup_stm32g071xx.o(.text)
    TIM16_IRQHandler                         0x08000173   Thumb Code     0  startup_stm32g071xx.o(.text)
    TIM17_IRQHandler                         0x08000173   Thumb Code     0  startup_stm32g071xx.o(.text)
    TIM1_BRK_UP_TRG_COM_IRQHandler           0x08000173   Thumb Code     0  startup_stm32g071xx.o(.text)
    TIM1_CC_IRQHandler                       0x08000173   Thumb Code     0  startup_stm32g071xx.o(.text)
    TIM2_IRQHandler                          0x08000173   Thumb Code     0  startup_stm32g071xx.o(.text)
    TIM3_IRQHandler                          0x08000173   Thumb Code     0  startup_stm32g071xx.o(.text)
    TIM6_DAC_LPTIM1_IRQHandler               0x08000173   Thumb Code     0  startup_stm32g071xx.o(.text)
    TIM7_LPTIM2_IRQHandler                   0x08000173   Thumb Code     0  startup_stm32g071xx.o(.text)
    UCPD1_2_IRQHandler                       0x08000173   Thumb Code     0  startup_stm32g071xx.o(.text)
    USART1_IRQHandler                        0x08000173   Thumb Code     0  startup_stm32g071xx.o(.text)
    USART3_4_LPUART1_IRQHandler              0x08000173   Thumb Code     0  startup_stm32g071xx.o(.text)
    WWDG_IRQHandler                          0x08000173   Thumb Code     0  startup_stm32g071xx.o(.text)
    __user_initial_stackheap                 0x08000175   Thumb Code     0  startup_stm32g071xx.o(.text)
    __aeabi_lmul                             0x08000199   Thumb Code    48  llmul.o(.text)
    _ll_mul                                  0x08000199   Thumb Code     0  llmul.o(.text)
    __aeabi_uldivmod                         0x080001c9   Thumb Code   258  lludiv.o(.text)
    _ll_udiv                                 0x080001c9   Thumb Code     0  lludiv.o(.text)
    _memset_w                                0x080002cb   Thumb Code    26  rt_memclr.o(.text)
    _memset                                  0x080002e5   Thumb Code    30  rt_memclr.o(.text)
    __aeabi_memclr                           0x08000303   Thumb Code     4  rt_memclr.o(.text)
    __rt_memclr                              0x08000303   Thumb Code     0  rt_memclr.o(.text)
    __aeabi_memclr4                          0x08000307   Thumb Code     0  rt_memclr.o(.text)
    __aeabi_memclr8                          0x08000307   Thumb Code     0  rt_memclr.o(.text)
    __rt_memclr_w                            0x08000307   Thumb Code     4  rt_memclr.o(.text)
    __aeabi_uidiv                            0x0800030b   Thumb Code     0  aeabi_sdiv.o(.text)
    __aeabi_uidivmod                         0x0800030b   Thumb Code    20  aeabi_sdiv.o(.text)
    __aeabi_idiv                             0x0800031f   Thumb Code     0  aeabi_sdiv.o(.text)
    __aeabi_idivmod                          0x0800031f   Thumb Code   326  aeabi_sdiv.o(.text)
    __use_two_region_memory                  0x08000465   Thumb Code     2  heapauxi.o(.text)
    __rt_heap_escrow$2region                 0x08000467   Thumb Code     2  heapauxi.o(.text)
    __rt_heap_expand$2region                 0x08000469   Thumb Code     2  heapauxi.o(.text)
    __user_setup_stackheap                   0x0800046b   Thumb Code    62  sys_stackheap_outer.o(.text)
    exit                                     0x080004a9   Thumb Code    16  exit.o(.text)
    __user_libspace                          0x080004b9   Thumb Code     8  libspace.o(.text)
    __user_perproc_libspace                  0x080004b9   Thumb Code     0  libspace.o(.text)
    __user_perthread_libspace                0x080004b9   Thumb Code     0  libspace.o(.text)
    _sys_exit                                0x080004c1   Thumb Code     8  sys_exit.o(.text)
    __I$use$semihosting                      0x080004cd   Thumb Code     0  use_no_semi.o(.text)
    __use_no_semihosting_swi                 0x080004cd   Thumb Code     2  use_no_semi.o(.text)
    __semihosting_library_function           0x080004cf   Thumb Code     0  indicate_semi.o(.text)
    DMA1_Ch4_7_DMAMUX1_OVR_IRQHandler        0x080004d1   Thumb Code    10  stm32g0xx_it.o(i.DMA1_Ch4_7_DMAMUX1_OVR_IRQHandler)
    DMA1_Channel1_IRQHandler                 0x080004e1   Thumb Code    10  stm32g0xx_it.o(i.DMA1_Channel1_IRQHandler)
    Error_Handler                            0x08000599   Thumb Code     6  main.o(i.Error_Handler)
    HAL_DMA_Abort                            0x080005a1   Thumb Code   146  stm32g0xx_hal_dma.o(i.HAL_DMA_Abort)
    HAL_DMA_Abort_IT                         0x08000639   Thumb Code   144  stm32g0xx_hal_dma.o(i.HAL_DMA_Abort_IT)
    HAL_DMA_IRQHandler                       0x080006cd   Thumb Code   282  stm32g0xx_hal_dma.o(i.HAL_DMA_IRQHandler)
    HAL_DMA_Init                             0x080007ed   Thumb Code   182  stm32g0xx_hal_dma.o(i.HAL_DMA_Init)
    HAL_DMA_Start_IT                         0x080008ad   Thumb Code   204  stm32g0xx_hal_dma.o(i.HAL_DMA_Start_IT)
    HAL_GPIO_Init                            0x08000979   Thumb Code   448  stm32g0xx_hal_gpio.o(i.HAL_GPIO_Init)
    HAL_GetTick                              0x08000b49   Thumb Code     6  stm32g0xx_hal.o(i.HAL_GetTick)
    HAL_I2S_DMAStop                          0x08000b55   Thumb Code   288  stm32g0xx_hal_i2s.o(i.HAL_I2S_DMAStop)
    HAL_I2S_ErrorCallback                    0x08000c75   Thumb Code     2  stm32g0xx_hal_i2s.o(i.HAL_I2S_ErrorCallback)
    HAL_I2S_IRQHandler                       0x08000c77   Thumb Code   168  stm32g0xx_hal_i2s.o(i.HAL_I2S_IRQHandler)
    HAL_I2S_Init                             0x08000d21   Thumb Code   320  stm32g0xx_hal_i2s.o(i.HAL_I2S_Init)
    HAL_I2S_MspInit                          0x08000e65   Thumb Code   276  i2s.o(i.HAL_I2S_MspInit)
    HAL_I2S_Receive_DMA                      0x08000f89   Thumb Code   276  stm32g0xx_hal_i2s.o(i.HAL_I2S_Receive_DMA)
    HAL_I2S_RxCpltCallback                   0x080010a9   Thumb Code     8  main.o(i.HAL_I2S_RxCpltCallback)
    HAL_I2S_RxHalfCpltCallback               0x080010b5   Thumb Code     8  main.o(i.HAL_I2S_RxHalfCpltCallback)
    HAL_I2S_TxCpltCallback                   0x080010c1   Thumb Code     2  stm32g0xx_hal_i2s.o(i.HAL_I2S_TxCpltCallback)
    HAL_IncTick                              0x080010c5   Thumb Code    16  stm32g0xx_hal.o(i.HAL_IncTick)
    HAL_Init                                 0x080010dd   Thumb Code    40  stm32g0xx_hal.o(i.HAL_Init)
    HAL_InitTick                             0x08001109   Thumb Code    82  stm32g0xx_hal.o(i.HAL_InitTick)
    HAL_MspInit                              0x08001169   Thumb Code    64  stm32g0xx_hal_msp.o(i.HAL_MspInit)
    HAL_NVIC_EnableIRQ                       0x080011ad   Thumb Code    30  stm32g0xx_hal_cortex.o(i.HAL_NVIC_EnableIRQ)
    HAL_NVIC_SetPriority                     0x080011d1   Thumb Code    18  stm32g0xx_hal_cortex.o(i.HAL_NVIC_SetPriority)
    HAL_PWREx_ControlVoltageScaling          0x080011e5   Thumb Code    76  stm32g0xx_hal_pwr_ex.o(i.HAL_PWREx_ControlVoltageScaling)
    HAL_RCCEx_GetPeriphCLKFreq               0x0800123d   Thumb Code  1264  stm32g0xx_hal_rcc_ex.o(i.HAL_RCCEx_GetPeriphCLKFreq)
    HAL_RCCEx_PeriphCLKConfig                0x08001731   Thumb Code   742  stm32g0xx_hal_rcc_ex.o(i.HAL_RCCEx_PeriphCLKConfig)
    HAL_RCC_ClockConfig                      0x08001a25   Thumb Code   442  stm32g0xx_hal_rcc.o(i.HAL_RCC_ClockConfig)
    HAL_RCC_GetHCLKFreq                      0x08001bf9   Thumb Code     6  stm32g0xx_hal_rcc.o(i.HAL_RCC_GetHCLKFreq)
    HAL_RCC_GetPCLK1Freq                     0x08001c05   Thumb Code    32  stm32g0xx_hal_rcc.o(i.HAL_RCC_GetPCLK1Freq)
    HAL_RCC_GetSysClockFreq                  0x08001c2d   Thumb Code   216  stm32g0xx_hal_rcc.o(i.HAL_RCC_GetSysClockFreq)
    HAL_RCC_OscConfig                        0x08001d11   Thumb Code  1458  stm32g0xx_hal_rcc.o(i.HAL_RCC_OscConfig)
    HAL_SYSTICK_Config                       0x080022d5   Thumb Code    46  stm32g0xx_hal_cortex.o(i.HAL_SYSTICK_Config)
    HAL_UARTEx_DisableFifoMode               0x0800230d   Thumb Code    84  stm32g0xx_hal_uart_ex.o(i.HAL_UARTEx_DisableFifoMode)
    HAL_UARTEx_RxEventCallback               0x08002361   Thumb Code     2  stm32g0xx_hal_uart.o(i.HAL_UARTEx_RxEventCallback)
    HAL_UARTEx_RxFifoFullCallback            0x08002363   Thumb Code     2  stm32g0xx_hal_uart_ex.o(i.HAL_UARTEx_RxFifoFullCallback)
    HAL_UARTEx_SetRxFifoThreshold            0x08002365   Thumb Code    96  stm32g0xx_hal_uart_ex.o(i.HAL_UARTEx_SetRxFifoThreshold)
    HAL_UARTEx_SetTxFifoThreshold            0x080023c5   Thumb Code    94  stm32g0xx_hal_uart_ex.o(i.HAL_UARTEx_SetTxFifoThreshold)
    HAL_UARTEx_TxFifoEmptyCallback           0x08002423   Thumb Code     2  stm32g0xx_hal_uart_ex.o(i.HAL_UARTEx_TxFifoEmptyCallback)
    HAL_UARTEx_WakeupCallback                0x08002425   Thumb Code     2  stm32g0xx_hal_uart_ex.o(i.HAL_UARTEx_WakeupCallback)
    HAL_UART_ErrorCallback                   0x08002427   Thumb Code     2  stm32g0xx_hal_uart.o(i.HAL_UART_ErrorCallback)
    HAL_UART_IRQHandler                      0x08002429   Thumb Code   864  stm32g0xx_hal_uart.o(i.HAL_UART_IRQHandler)
    HAL_UART_Init                            0x08002799   Thumb Code   130  stm32g0xx_hal_uart.o(i.HAL_UART_Init)
    HAL_UART_MspInit                         0x0800281d   Thumb Code   216  usart.o(i.HAL_UART_MspInit)
    HAL_UART_Transmit_DMA                    0x08002905   Thumb Code   212  stm32g0xx_hal_uart.o(i.HAL_UART_Transmit_DMA)
    HAL_UART_TxCpltCallback                  0x080029e5   Thumb Code    14  main.o(i.HAL_UART_TxCpltCallback)
    HAL_UART_TxHalfCpltCallback              0x080029fd   Thumb Code     2  stm32g0xx_hal_uart.o(i.HAL_UART_TxHalfCpltCallback)
    HardFault_Handler                        0x080029ff   Thumb Code     4  stm32g0xx_it.o(i.HardFault_Handler)
    MX_DMA_Init                              0x08002b2d   Thumb Code    64  dma.o(i.MX_DMA_Init)
    MX_GPIO_Init                             0x08002b71   Thumb Code    60  gpio.o(i.MX_GPIO_Init)
    MX_I2S1_Init                             0x08002bb1   Thumb Code    48  i2s.o(i.MX_I2S1_Init)
    MX_USART2_UART_Init                      0x08002be9   Thumb Code   106  usart.o(i.MX_USART2_UART_Init)
    NMI_Handler                              0x08002c5d   Thumb Code     4  stm32g0xx_it.o(i.NMI_Handler)
    PendSV_Handler                           0x08002c61   Thumb Code     2  stm32g0xx_it.o(i.PendSV_Handler)
    SPI1_IRQHandler                          0x08002c65   Thumb Code    10  stm32g0xx_it.o(i.SPI1_IRQHandler)
    SVC_Handler                              0x08002c75   Thumb Code     2  stm32g0xx_it.o(i.SVC_Handler)
    SysTick_Handler                          0x08002c77   Thumb Code     8  stm32g0xx_it.o(i.SysTick_Handler)
    SystemClock_Config                       0x08002c7f   Thumb Code   122  main.o(i.SystemClock_Config)
    SystemInit                               0x08002cf9   Thumb Code     2  system_stm32g0xx.o(i.SystemInit)
    UART_AdvFeatureConfig                    0x08002d81   Thumb Code   240  stm32g0xx_hal_uart.o(i.UART_AdvFeatureConfig)
    UART_CheckIdleState                      0x08002e71   Thumb Code   116  stm32g0xx_hal_uart.o(i.UART_CheckIdleState)
    UART_SetConfig                           0x08003029   Thumb Code   816  stm32g0xx_hal_uart.o(i.UART_SetConfig)
    UART_WaitOnFlagUntilTimeout              0x08003389   Thumb Code   198  stm32g0xx_hal_uart.o(i.UART_WaitOnFlagUntilTimeout)
    USART2_IRQHandler                        0x08003451   Thumb Code    10  stm32g0xx_it.o(i.USART2_IRQHandler)
    main                                     0x080034d9   Thumb Code    82  main.o(i.main)
    microphone_start_stop                    0x08003535   Thumb Code    52  main.o(i.microphone_start_stop)
    processing_ready_buffer                  0x08003575   Thumb Code    50  main.o(i.processing_ready_buffer)
    transmit_frame_to_uart                   0x080035ad   Thumb Code    36  main.o(i.transmit_frame_to_uart)
    UARTPrescTable                           0x080035e0   Data          24  stm32g0xx_hal_uart.o(.constdata)
    AHBPrescTable                            0x08003600   Data          64  system_stm32g0xx.o(.constdata)
    APBPrescTable                            0x08003640   Data          32  system_stm32g0xx.o(.constdata)
    Region$$Table$$Base                      0x08003660   Number         0  anon$$obj.o(Region$$Table)
    Region$$Table$$Limit                     0x08003680   Number         0  anon$$obj.o(Region$$Table)
    _running                                 0x20000008   Data           1  main.o(.data)
    max_sample                               0x2000000a   Data           2  main.o(.data)
    uwTick                                   0x2000000c   Data           4  stm32g0xx_hal.o(.data)
    uwTickPrio                               0x20000010   Data           4  stm32g0xx_hal.o(.data)
    uwTickFreq                               0x20000014   Data           1  stm32g0xx_hal.o(.data)
    SystemCoreClock                          0x20000018   Data           4  system_stm32g0xx.o(.data)
    dma_mic_buffer                           0x2000001c   Data         128  main.o(.bss)
    hi2s1                                    0x200000bc   Data          60  i2s.o(.bss)
    hdma_spi1_rx                             0x200000f8   Data          92  i2s.o(.bss)
    huart2                                   0x20000154   Data         144  usart.o(.bss)
    hdma_usart2_tx                           0x200001e4   Data          92  usart.o(.bss)
    __libspace_start                         0x20000240   Data          96  libspace.o(.bss)
    __temporary_stack_top$libspace           0x200002a0   Data           0  libspace.o(.bss)



==============================================================================

Memory Map of the image

  Image Entry point : 0x080000bd

  Load Region LR_IROM1 (Base: 0x08000000, Size: 0x0000369c, Max: 0x00020000, ABSOLUTE)

    Execution Region ER_IROM1 (Exec base: 0x08000000, Load base: 0x08000000, Size: 0x00003680, Max: 0x00020000, ABSOLUTE)

    Exec Addr    Load Addr    Size         Type   Attr      Idx    E Section Name        Object

    0x08000000   0x08000000   0x000000bc   Data   RO            3    RESET               startup_stm32g071xx.o
    0x080000bc   0x080000bc   0x00000008   Code   RO         2524  * !!!main             c_p.l(__main.o)
    0x080000c4   0x080000c4   0x0000003c   Code   RO         2699    !!!scatter          c_p.l(__scatter.o)
    0x08000100   0x08000100   0x0000001a   Code   RO         2701    !!handler_copy      c_p.l(__scatter_copy.o)
    0x0800011a   0x0800011a   0x00000002   PAD
    0x0800011c   0x0800011c   0x0000001c   Code   RO         2703    !!handler_zi        c_p.l(__scatter_zi.o)
    0x08000138   0x08000138   0x00000002   Code   RO         2566    .ARM.Collect$$libinit$$00000000  c_p.l(libinit.o)
    0x0800013a   0x0800013a   0x00000000   Code   RO         2580    .ARM.Collect$$libinit$$00000002  c_p.l(libinit2.o)
    0x0800013a   0x0800013a   0x00000000   Code   RO         2582    .ARM.Collect$$libinit$$00000004  c_p.l(libinit2.o)
    0x0800013a   0x0800013a   0x00000000   Code   RO         2585    .ARM.Collect$$libinit$$0000000A  c_p.l(libinit2.o)
    0x0800013a   0x0800013a   0x00000000   Code   RO         2587    .ARM.Collect$$libinit$$0000000C  c_p.l(libinit2.o)
    0x0800013a   0x0800013a   0x00000000   Code   RO         2589    .ARM.Collect$$libinit$$0000000E  c_p.l(libinit2.o)
    0x0800013a   0x0800013a   0x00000000   Code   RO         2592    .ARM.Collect$$libinit$$00000011  c_p.l(libinit2.o)
    0x0800013a   0x0800013a   0x00000000   Code   RO         2594    .ARM.Collect$$libinit$$00000013  c_p.l(libinit2.o)
    0x0800013a   0x0800013a   0x00000000   Code   RO         2596    .ARM.Collect$$libinit$$00000015  c_p.l(libinit2.o)
    0x0800013a   0x0800013a   0x00000000   Code   RO         2598    .ARM.Collect$$libinit$$00000017  c_p.l(libinit2.o)
    0x0800013a   0x0800013a   0x00000000   Code   RO         2600    .ARM.Collect$$libinit$$00000019  c_p.l(libinit2.o)
    0x0800013a   0x0800013a   0x00000000   Code   RO         2602    .ARM.Collect$$libinit$$0000001B  c_p.l(libinit2.o)
    0x0800013a   0x0800013a   0x00000000   Code   RO         2604    .ARM.Collect$$libinit$$0000001D  c_p.l(libinit2.o)
    0x0800013a   0x0800013a   0x00000000   Code   RO         2606    .ARM.Collect$$libinit$$0000001F  c_p.l(libinit2.o)
    0x0800013a   0x0800013a   0x00000000   Code   RO         2608    .ARM.Collect$$libinit$$00000021  c_p.l(libinit2.o)
    0x0800013a   0x0800013a   0x00000000   Code   RO         2610    .ARM.Collect$$libinit$$00000023  c_p.l(libinit2.o)
    0x0800013a   0x0800013a   0x00000000   Code   RO         2612    .ARM.Collect$$libinit$$00000025  c_p.l(libinit2.o)
    0x0800013a   0x0800013a   0x00000000   Code   RO         2616    .ARM.Collect$$libinit$$0000002C  c_p.l(libinit2.o)
    0x0800013a   0x0800013a   0x00000000   Code   RO         2618    .ARM.Collect$$libinit$$0000002E  c_p.l(libinit2.o)
    0x0800013a   0x0800013a   0x00000000   Code   RO         2620    .ARM.Collect$$libinit$$00000030  c_p.l(libinit2.o)
    0x0800013a   0x0800013a   0x00000000   Code   RO         2622    .ARM.Collect$$libinit$$00000032  c_p.l(libinit2.o)
    0x0800013a   0x0800013a   0x00000002   Code   RO         2623    .ARM.Collect$$libinit$$00000033  c_p.l(libinit2.o)
    0x0800013c   0x0800013c   0x00000002   Code   RO         2654    .ARM.Collect$$libshutdown$$00000000  c_p.l(libshutdown.o)
    0x0800013e   0x0800013e   0x00000000   Code   RO         2680    .ARM.Collect$$libshutdown$$00000002  c_p.l(libshutdown2.o)
    0x0800013e   0x0800013e   0x00000000   Code   RO         2682    .ARM.Collect$$libshutdown$$00000004  c_p.l(libshutdown2.o)
    0x0800013e   0x0800013e   0x00000000   Code   RO         2684    .ARM.Collect$$libshutdown$$00000006  c_p.l(libshutdown2.o)
    0x0800013e   0x0800013e   0x00000000   Code   RO         2687    .ARM.Collect$$libshutdown$$00000009  c_p.l(libshutdown2.o)
    0x0800013e   0x0800013e   0x00000000   Code   RO         2690    .ARM.Collect$$libshutdown$$0000000C  c_p.l(libshutdown2.o)
    0x0800013e   0x0800013e   0x00000000   Code   RO         2692    .ARM.Collect$$libshutdown$$0000000E  c_p.l(libshutdown2.o)
    0x0800013e   0x0800013e   0x00000000   Code   RO         2695    .ARM.Collect$$libshutdown$$00000011  c_p.l(libshutdown2.o)
    0x0800013e   0x0800013e   0x00000002   Code   RO         2696    .ARM.Collect$$libshutdown$$00000012  c_p.l(libshutdown2.o)
    0x08000140   0x08000140   0x00000000   Code   RO         2526    .ARM.Collect$$rtentry$$00000000  c_p.l(__rtentry.o)
    0x08000140   0x08000140   0x00000000   Code   RO         2536    .ARM.Collect$$rtentry$$00000002  c_p.l(__rtentry2.o)
    0x08000140   0x08000140   0x00000006   Code   RO         2548    .ARM.Collect$$rtentry$$00000004  c_p.l(__rtentry4.o)
    0x08000146   0x08000146   0x00000000   Code   RO         2538    .ARM.Collect$$rtentry$$00000009  c_p.l(__rtentry2.o)
    0x08000146   0x08000146   0x00000004   Code   RO         2539    .ARM.Collect$$rtentry$$0000000A  c_p.l(__rtentry2.o)
    0x0800014a   0x0800014a   0x00000000   Code   RO         2541    .ARM.Collect$$rtentry$$0000000C  c_p.l(__rtentry2.o)
    0x0800014a   0x0800014a   0x00000008   Code   RO         2542    .ARM.Collect$$rtentry$$0000000D  c_p.l(__rtentry2.o)
    0x08000152   0x08000152   0x00000002   Code   RO         2571    .ARM.Collect$$rtexit$$00000000  c_p.l(rtexit.o)
    0x08000154   0x08000154   0x00000000   Code   RO         2627    .ARM.Collect$$rtexit$$00000002  c_p.l(rtexit2.o)
    0x08000154   0x08000154   0x00000004   Code   RO         2628    .ARM.Collect$$rtexit$$00000003  c_p.l(rtexit2.o)
    0x08000158   0x08000158   0x00000006   Code   RO         2629    .ARM.Collect$$rtexit$$00000004  c_p.l(rtexit2.o)
    0x0800015e   0x0800015e   0x00000002   PAD
    0x08000160   0x08000160   0x00000038   Code   RO            4    .text               startup_stm32g071xx.o
    0x08000198   0x08000198   0x00000030   Code   RO         2512    .text               c_p.l(llmul.o)
    0x080001c8   0x080001c8   0x00000102   Code   RO         2514    .text               c_p.l(lludiv.o)
    0x080002ca   0x080002ca   0x00000040   Code   RO         2516    .text               c_p.l(rt_memclr.o)
    0x0800030a   0x0800030a   0x0000015a   Code   RO         2518    .text               c_p.l(aeabi_sdiv.o)
    0x08000464   0x08000464   0x00000006   Code   RO         2522    .text               c_p.l(heapauxi.o)
    0x0800046a   0x0800046a   0x0000003e   Code   RO         2552    .text               c_p.l(sys_stackheap_outer.o)
    0x080004a8   0x080004a8   0x00000010   Code   RO         2555    .text               c_p.l(exit.o)
    0x080004b8   0x080004b8   0x00000008   Code   RO         2567    .text               c_p.l(libspace.o)
    0x080004c0   0x080004c0   0x0000000c   Code   RO         2624    .text               c_p.l(sys_exit.o)
    0x080004cc   0x080004cc   0x00000002   Code   RO         2643    .text               c_p.l(use_no_semi.o)
    0x080004ce   0x080004ce   0x00000000   Code   RO         2645    .text               c_p.l(indicate_semi.o)
    0x080004ce   0x080004ce   0x00000002   PAD
    0x080004d0   0x080004d0   0x00000010   Code   RO          335    i.DMA1_Ch4_7_DMAMUX1_OVR_IRQHandler  stm32g0xx_it.o
    0x080004e0   0x080004e0   0x00000010   Code   RO          336    i.DMA1_Channel1_IRQHandler  stm32g0xx_it.o
    0x080004f0   0x080004f0   0x00000034   Code   RO         1089    i.DMA_CalcDMAMUXChannelBaseAndMask  stm32g0xx_hal_dma.o
    0x08000524   0x08000524   0x00000028   Code   RO         1090    i.DMA_CalcDMAMUXRequestGenBaseAndMask  stm32g0xx_hal_dma.o
    0x0800054c   0x0800054c   0x0000004c   Code   RO         1091    i.DMA_SetConfig     stm32g0xx_hal_dma.o
    0x08000598   0x08000598   0x00000006   Code   RO           12    i.Error_Handler     main.o
    0x0800059e   0x0800059e   0x00000002   PAD
    0x080005a0   0x080005a0   0x00000098   Code   RO         1092    i.HAL_DMA_Abort     stm32g0xx_hal_dma.o
    0x08000638   0x08000638   0x00000094   Code   RO         1093    i.HAL_DMA_Abort_IT  stm32g0xx_hal_dma.o
    0x080006cc   0x080006cc   0x00000120   Code   RO         1097    i.HAL_DMA_IRQHandler  stm32g0xx_hal_dma.o
    0x080007ec   0x080007ec   0x000000c0   Code   RO         1098    i.HAL_DMA_Init      stm32g0xx_hal_dma.o
    0x080008ac   0x080008ac   0x000000cc   Code   RO         1102    i.HAL_DMA_Start_IT  stm32g0xx_hal_dma.o
    0x08000978   0x08000978   0x000001d0   Code   RO         1023    i.HAL_GPIO_Init     stm32g0xx_hal_gpio.o
    0x08000b48   0x08000b48   0x0000000c   Code   RO         1632    i.HAL_GetTick       stm32g0xx_hal.o
    0x08000b54   0x08000b54   0x00000120   Code   RO          433    i.HAL_I2S_DMAStop   stm32g0xx_hal_i2s.o
    0x08000c74   0x08000c74   0x00000002   Code   RO          435    i.HAL_I2S_ErrorCallback  stm32g0xx_hal_i2s.o
    0x08000c76   0x08000c76   0x000000a8   Code   RO          438    i.HAL_I2S_IRQHandler  stm32g0xx_hal_i2s.o
    0x08000d1e   0x08000d1e   0x00000002   PAD
    0x08000d20   0x08000d20   0x00000144   Code   RO          439    i.HAL_I2S_Init      stm32g0xx_hal_i2s.o
    0x08000e64   0x08000e64   0x00000124   Code   RO          258    i.HAL_I2S_MspInit   i2s.o
    0x08000f88   0x08000f88   0x00000120   Code   RO          443    i.HAL_I2S_Receive_DMA  stm32g0xx_hal_i2s.o
    0x080010a8   0x080010a8   0x0000000c   Code   RO           13    i.HAL_I2S_RxCpltCallback  main.o
    0x080010b4   0x080010b4   0x0000000c   Code   RO           14    i.HAL_I2S_RxHalfCpltCallback  main.o
    0x080010c0   0x080010c0   0x00000002   Code   RO          450    i.HAL_I2S_TxCpltCallback  stm32g0xx_hal_i2s.o
    0x080010c2   0x080010c2   0x00000002   PAD
    0x080010c4   0x080010c4   0x00000018   Code   RO         1638    i.HAL_IncTick       stm32g0xx_hal.o
    0x080010dc   0x080010dc   0x0000002c   Code   RO         1639    i.HAL_Init          stm32g0xx_hal.o
    0x08001108   0x08001108   0x00000060   Code   RO         1640    i.HAL_InitTick      stm32g0xx_hal.o
    0x08001168   0x08001168   0x00000044   Code   RO          409    i.HAL_MspInit       stm32g0xx_hal_msp.o
    0x080011ac   0x080011ac   0x00000024   Code   RO         1514    i.HAL_NVIC_EnableIRQ  stm32g0xx_hal_cortex.o
    0x080011d0   0x080011d0   0x00000012   Code   RO         1518    i.HAL_NVIC_SetPriority  stm32g0xx_hal_cortex.o
    0x080011e2   0x080011e2   0x00000002   PAD
    0x080011e4   0x080011e4   0x00000058   Code   RO         1332    i.HAL_PWREx_ControlVoltageScaling  stm32g0xx_hal_pwr_ex.o
    0x0800123c   0x0800123c   0x000004f4   Code   RO          725    i.HAL_RCCEx_GetPeriphCLKFreq  stm32g0xx_hal_rcc_ex.o
    0x08001730   0x08001730   0x000002f4   Code   RO          726    i.HAL_RCCEx_PeriphCLKConfig  stm32g0xx_hal_rcc_ex.o
    0x08001a24   0x08001a24   0x000001d4   Code   RO          614    i.HAL_RCC_ClockConfig  stm32g0xx_hal_rcc.o
    0x08001bf8   0x08001bf8   0x0000000c   Code   RO          620    i.HAL_RCC_GetHCLKFreq  stm32g0xx_hal_rcc.o
    0x08001c04   0x08001c04   0x00000028   Code   RO          622    i.HAL_RCC_GetPCLK1Freq  stm32g0xx_hal_rcc.o
    0x08001c2c   0x08001c2c   0x000000e4   Code   RO          623    i.HAL_RCC_GetSysClockFreq  stm32g0xx_hal_rcc.o
    0x08001d10   0x08001d10   0x000005c4   Code   RO          627    i.HAL_RCC_OscConfig  stm32g0xx_hal_rcc.o
    0x080022d4   0x080022d4   0x00000038   Code   RO         1522    i.HAL_SYSTICK_Config  stm32g0xx_hal_cortex.o
    0x0800230c   0x0800230c   0x00000054   Code   RO         2365    i.HAL_UARTEx_DisableFifoMode  stm32g0xx_hal_uart_ex.o
    0x08002360   0x08002360   0x00000002   Code   RO         1953    i.HAL_UARTEx_RxEventCallback  stm32g0xx_hal_uart.o
    0x08002362   0x08002362   0x00000002   Code   RO         2372    i.HAL_UARTEx_RxFifoFullCallback  stm32g0xx_hal_uart_ex.o
    0x08002364   0x08002364   0x00000060   Code   RO         2373    i.HAL_UARTEx_SetRxFifoThreshold  stm32g0xx_hal_uart_ex.o
    0x080023c4   0x080023c4   0x0000005e   Code   RO         2374    i.HAL_UARTEx_SetTxFifoThreshold  stm32g0xx_hal_uart_ex.o
    0x08002422   0x08002422   0x00000002   Code   RO         2376    i.HAL_UARTEx_TxFifoEmptyCallback  stm32g0xx_hal_uart_ex.o
    0x08002424   0x08002424   0x00000002   Code   RO         2377    i.HAL_UARTEx_WakeupCallback  stm32g0xx_hal_uart_ex.o
    0x08002426   0x08002426   0x00000002   Code   RO         1969    i.HAL_UART_ErrorCallback  stm32g0xx_hal_uart.o
    0x08002428   0x08002428   0x00000370   Code   RO         1972    i.HAL_UART_IRQHandler  stm32g0xx_hal_uart.o
    0x08002798   0x08002798   0x00000082   Code   RO         1973    i.HAL_UART_Init     stm32g0xx_hal_uart.o
    0x0800281a   0x0800281a   0x00000002   PAD
    0x0800281c   0x0800281c   0x000000e8   Code   RO          297    i.HAL_UART_MspInit  usart.o
    0x08002904   0x08002904   0x000000e0   Code   RO         1983    i.HAL_UART_Transmit_DMA  stm32g0xx_hal_uart.o
    0x080029e4   0x080029e4   0x00000018   Code   RO           15    i.HAL_UART_TxCpltCallback  main.o
    0x080029fc   0x080029fc   0x00000002   Code   RO         1986    i.HAL_UART_TxHalfCpltCallback  stm32g0xx_hal_uart.o
    0x080029fe   0x080029fe   0x00000004   Code   RO          337    i.HardFault_Handler  stm32g0xx_it.o
    0x08002a02   0x08002a02   0x0000002e   Code   RO          452    i.I2S_DMAError      stm32g0xx_hal_i2s.o
    0x08002a30   0x08002a30   0x0000002a   Code   RO          453    i.I2S_DMARxCplt     stm32g0xx_hal_i2s.o
    0x08002a5a   0x08002a5a   0x0000000e   Code   RO          454    i.I2S_DMARxHalfCplt  stm32g0xx_hal_i2s.o
    0x08002a68   0x08002a68   0x00000038   Code   RO          457    i.I2S_Receive_IT    stm32g0xx_hal_i2s.o
    0x08002aa0   0x08002aa0   0x00000038   Code   RO          458    i.I2S_Transmit_IT   stm32g0xx_hal_i2s.o
    0x08002ad8   0x08002ad8   0x00000054   Code   RO          459    i.I2S_WaitFlagStateUntilTimeout  stm32g0xx_hal_i2s.o
    0x08002b2c   0x08002b2c   0x00000044   Code   RO          235    i.MX_DMA_Init       dma.o
    0x08002b70   0x08002b70   0x00000040   Code   RO          213    i.MX_GPIO_Init      gpio.o
    0x08002bb0   0x08002bb0   0x00000038   Code   RO          259    i.MX_I2S1_Init      i2s.o
    0x08002be8   0x08002be8   0x00000074   Code   RO          298    i.MX_USART2_UART_Init  usart.o
    0x08002c5c   0x08002c5c   0x00000004   Code   RO          338    i.NMI_Handler       stm32g0xx_it.o
    0x08002c60   0x08002c60   0x00000002   Code   RO          339    i.PendSV_Handler    stm32g0xx_it.o
    0x08002c62   0x08002c62   0x00000002   PAD
    0x08002c64   0x08002c64   0x00000010   Code   RO          340    i.SPI1_IRQHandler   stm32g0xx_it.o
    0x08002c74   0x08002c74   0x00000002   Code   RO          341    i.SVC_Handler       stm32g0xx_it.o
    0x08002c76   0x08002c76   0x00000008   Code   RO          342    i.SysTick_Handler   stm32g0xx_it.o
    0x08002c7e   0x08002c7e   0x0000007a   Code   RO           16    i.SystemClock_Config  main.o
    0x08002cf8   0x08002cf8   0x00000002   Code   RO         2480    i.SystemInit        system_stm32g0xx.o
    0x08002cfa   0x08002cfa   0x00000002   PAD
    0x08002cfc   0x08002cfc   0x00000084   Code   RO         2378    i.UARTEx_SetNbDataToProcess  stm32g0xx_hal_uart_ex.o
    0x08002d80   0x08002d80   0x000000f0   Code   RO         1987    i.UART_AdvFeatureConfig  stm32g0xx_hal_uart.o
    0x08002e70   0x08002e70   0x00000078   Code   RO         1988    i.UART_CheckIdleState  stm32g0xx_hal_uart.o
    0x08002ee8   0x08002ee8   0x00000018   Code   RO         1989    i.UART_DMAAbortOnError  stm32g0xx_hal_uart.o
    0x08002f00   0x08002f00   0x0000005a   Code   RO         1990    i.UART_DMAError     stm32g0xx_hal_uart.o
    0x08002f5a   0x08002f5a   0x0000003a   Code   RO         1995    i.UART_DMATransmitCplt  stm32g0xx_hal_uart.o
    0x08002f94   0x08002f94   0x0000000e   Code   RO         1997    i.UART_DMATxHalfCplt  stm32g0xx_hal_uart.o
    0x08002fa2   0x08002fa2   0x00000002   PAD
    0x08002fa4   0x08002fa4   0x00000040   Code   RO         1999    i.UART_EndRxTransfer  stm32g0xx_hal_uart.o
    0x08002fe4   0x08002fe4   0x00000022   Code   RO         2000    i.UART_EndTransmit_IT  stm32g0xx_hal_uart.o
    0x08003006   0x08003006   0x00000022   Code   RO         2001    i.UART_EndTxTransfer  stm32g0xx_hal_uart.o
    0x08003028   0x08003028   0x00000360   Code   RO         2006    i.UART_SetConfig    stm32g0xx_hal_uart.o
    0x08003388   0x08003388   0x000000c6   Code   RO         2013    i.UART_WaitOnFlagUntilTimeout  stm32g0xx_hal_uart.o
    0x0800344e   0x0800344e   0x00000002   PAD
    0x08003450   0x08003450   0x00000010   Code   RO          343    i.USART2_IRQHandler  stm32g0xx_it.o
    0x08003460   0x08003460   0x00000078   Code   RO         1524    i.__NVIC_SetPriority  stm32g0xx_hal_cortex.o
    0x080034d8   0x080034d8   0x0000005c   Code   RO           17    i.main              main.o
    0x08003534   0x08003534   0x00000040   Code   RO           18    i.microphone_start_stop  main.o
    0x08003574   0x08003574   0x00000038   Code   RO           19    i.processing_ready_buffer  main.o
    0x080035ac   0x080035ac   0x0000002c   Code   RO           20    i.transmit_frame_to_uart  main.o
    0x080035d8   0x080035d8   0x00000020   Data   RO         2014    .constdata          stm32g0xx_hal_uart.o
    0x080035f8   0x080035f8   0x00000068   Data   RO         2481    .constdata          system_stm32g0xx.o
    0x08003660   0x08003660   0x00000020   Data   RO         2697    Region$$Table       anon$$obj.o


    Execution Region RW_IRAM1 (Exec base: 0x20000000, Load base: 0x08003680, Size: 0x000008a0, Max: 0x00009000, ABSOLUTE)

    Exec Addr    Load Addr    Size         Type   Attr      Idx    E Section Name        Object

    0x20000000   0x08003680   0x0000000c   Data   RW           23    .data               main.o
    0x2000000c   0x0800368c   0x00000009   Data   RW         1657    .data               stm32g0xx_hal.o
    0x20000015   0x08003695   0x00000003   PAD
    0x20000018   0x08003698   0x00000004   Data   RW         2482    .data               system_stm32g0xx.o
    0x2000001c        -       0x000000a0   Zero   RW           21    .bss                main.o
    0x200000bc        -       0x00000098   Zero   RW          260    .bss                i2s.o
    0x20000154        -       0x000000ec   Zero   RW          299    .bss                usart.o
    0x20000240        -       0x00000060   Zero   RW         2568    .bss                c_p.l(libspace.o)
    0x200002a0        -       0x00000200   Zero   RW            2    HEAP                startup_stm32g071xx.o
    0x200004a0        -       0x00000400   Zero   RW            1    STACK               startup_stm32g071xx.o


==============================================================================

Image component sizes


      Code (inc. data)   RO Data    RW Data    ZI Data      Debug   Object Name

        68          4          0          0          0        714   dma.o
        64          4          0          0          0        743   gpio.o
       348         24          0          0        152       1766   i2s.o
       432         54          0         12        160     447285   main.o
        56         26        188          0       1536        624   startup_stm32g071xx.o
       176         32          0          9          0      17793   stm32g0xx_hal.o
       230         26          0          0          0      12061   stm32g0xx_hal_cortex.o
      1152         40          0          0          0       5774   stm32g0xx_hal_dma.o
       464         16          0          0          0       1524   stm32g0xx_hal_gpio.o
      1370         16          0          0          0       8457   stm32g0xx_hal_i2s.o
        68          4          0          0          0        794   stm32g0xx_hal_msp.o
        88         12          0          0          0        730   stm32g0xx_hal_pwr_ex.o
      2224         96          0          0          0      23805   stm32g0xx_hal_rcc.o
      2024         50          0          0          0       3189   stm32g0xx_hal_rcc_ex.o
      2980         86         32          0          0      31560   stm32g0xx_hal_uart.o
       412         18          0          0          0       5106   stm32g0xx_hal_uart_ex.o
        84         24          0          0          0       3872   stm32g0xx_it.o
         2          0        104          4          0       1103   system_stm32g0xx.o
       348         26          0          0        236       1805   usart.o

    ----------------------------------------------------------------------
     12608        558        356         28       2084     568705   Object Totals
         0          0         32          0          0          0   (incl. Generated)
        18          0          0          3          0          0   (incl. Padding)

    ----------------------------------------------------------------------

      Code (inc. data)   RO Data    RW Data    ZI Data      Debug   Library Member Name

         8          0          0          0          0         68   __main.o
         0          0          0          0          0          0   __rtentry.o
        12          0          0          0          0          0   __rtentry2.o
         6          0          0          0          0          0   __rtentry4.o
        60          8          0          0          0          0   __scatter.o
        26          0          0          0          0          0   __scatter_copy.o
        28          0          0          0          0          0   __scatter_zi.o
       346          0          0          0          0         92   aeabi_sdiv.o
        16          0          0          0          0         68   exit.o
         6          0          0          0          0        136   heapauxi.o
         0          0          0          0          0          0   indicate_semi.o
         2          0          0          0          0          0   libinit.o
         2          0          0          0          0          0   libinit2.o
         2          0          0          0          0          0   libshutdown.o
         2          0          0          0          0          0   libshutdown2.o
         8          4          0          0         96         68   libspace.o
        48          0          0          0          0         72   llmul.o
       258          0          0          0          0         88   lludiv.o
        64          0          0          0          0        108   rt_memclr.o
         2          0          0          0          0          0   rtexit.o
        10          0          0          0          0          0   rtexit2.o
        12          4          0          0          0         60   sys_exit.o
        62          0          0          0          0         80   sys_stackheap_outer.o
         2          0          0          0          0         68   use_no_semi.o

    ----------------------------------------------------------------------
       988         16          0          0         96        908   Library Totals
         6          0          0          0          0          0   (incl. Padding)

    ----------------------------------------------------------------------

      Code (inc. data)   RO Data    RW Data    ZI Data      Debug   Library Name

       982         16          0          0         96        908   c_p.l

    ----------------------------------------------------------------------
       988         16          0          0         96        908   Library Totals

    ----------------------------------------------------------------------

==============================================================================


      Code (inc. data)   RO Data    RW Data    ZI Data      Debug   

     13596        574        356         28       2180     565685   Grand Totals
     13596        574        356         28       2180     565685   ELF Image Totals
     13596        574        356         28          0          0   ROM Totals

==============================================================================

    Total RO  Size (Code + RO Data)                13952 (  13.63kB)
    Total RW  Size (RW Data + ZI Data)              2208 (   2.16kB)
    Total ROM Size (Code + RO Data + RW Data)      13980 (  13.65kB)

==============================================================================

