<html>
<body>
<pre>
<h1>µVision Build Log</h1>
<h2>Tool Versions:</h2>
IDE-Version: µVision V5.35.0.0
Copyright (C) 2021 ARM Ltd and ARM Germany GmbH. All rights reserved.
License Information: 1 2, 3, LIC=NQQMA-1C6P6-ARIXW-QUY4E-ITF5B-RV3EF
 
Tool Versions:
Toolchain:       MDK-ARM Plus  Version: 5.35.0.2
Toolchain Path:  C:\Keil_v5\ARM\ARMCC\Bin
C Compiler:      Armcc.exe V5.06 update 7 (build 960)
Assembler:       Armasm.exe V5.06 update 7 (build 960)
Linker/Locator:  ArmLink.exe V5.06 update 7 (build 960)
Library Manager: ArmAr.exe V5.06 update 7 (build 960)
Hex Converter:   FromElf.exe V5.06 update 7 (build 960)
CPU DLL:         SARMCM3.DLL V5.35.0.2
Dialog DLL:      DARMCM1.DLL V1.19.4.0
Target DLL:      STLink\ST-LINKIII-KEIL_SWO.dll V3.0.9.0
Dialog DLL:      TARMCM1.DLL V1.14.4.0
 
<h2>Project:</h2>
D:\STM32_Workspace\G071_I2S_Microphone\MDK-ARM\G071_I2S_Microphone.uvprojx
Project File Date:  12/21/2023

<h2>Output:</h2>
*** Using Compiler 'V5.06 update 7 (build 960)', folder: 'C:\Keil_v5\ARM\ARMCC\Bin'
Rebuild target 'G071_I2S_Microphone'
assembling startup_stm32g071xx.s...
compiling stm32g0xx_ll_rcc.c...
compiling i2s.c...
compiling dma.c...
compiling usart.c...
compiling gpio.c...
compiling main.c...
compiling stm32g0xx_hal_msp.c...
compiling stm32g0xx_it.c...
compiling stm32g0xx_ll_dma.c...
compiling stm32g0xx_hal_i2s.c...
compiling stm32g0xx_hal_rcc_ex.c...
compiling stm32g0xx_hal_flash.c...
compiling stm32g0xx_hal_rcc.c...
compiling stm32g0xx_hal_flash_ex.c...
compiling stm32g0xx_hal_dma_ex.c...
compiling stm32g0xx_hal_gpio.c...
compiling stm32g0xx_hal_pwr.c...
compiling stm32g0xx_hal_dma.c...
compiling stm32g0xx_hal_pwr_ex.c...
compiling stm32g0xx_hal_cortex.c...
compiling stm32g0xx_hal.c...
compiling stm32g0xx_hal_exti.c...
compiling stm32g0xx_hal_tim_ex.c...
compiling stm32g0xx_hal_tim.c...
compiling stm32g0xx_hal_uart_ex.c...
compiling system_stm32g0xx.c...
compiling stm32g0xx_hal_uart.c...
linking...
Program Size: Code=13596 RO-data=356 RW-data=28 ZI-data=2180  
FromELF: creating hex file...
"G071_I2S_Microphone\G071_I2S_Microphone.axf" - 0 Error(s), 0 Warning(s).

<h2>Software Packages used:</h2>

Package Vendor: ARM
                http://www.keil.com/pack/ARM.CMSIS.5.8.0.pack
                ARM.CMSIS.5.8.0
                CMSIS (Common Microcontroller Software Interface Standard)
   * Component: CORE Version: 5.5.0

<h2>Collection of Component include folders:</h2>
  .\RTE\_G071_I2S_Microphone
  C:\Arm\Packs\ARM\CMSIS\5.8.0\CMSIS\Core\Include

<h2>Collection of Component Files used:</h2>

   * Component: ARM::CMSIS:CORE:5.5.0
      Include file:  CMSIS\Core\Include\tz_context.h
Build Time Elapsed:  00:00:04
</pre>
</body>
</html>
